Component: ARM Compiler 5.06 update 6 (build 750) Tool: armlink [4d35ed]

==============================================================================

Section Cross References

    startup_stm32f091xc.o(RESET) refers to startup_stm32f091xc.o(STACK) for __initial_sp
    startup_stm32f091xc.o(RESET) refers to startup_stm32f091xc.o(.text) for Reset_Handler
    startup_stm32f091xc.o(RESET) refers to stm32f0xx_it.o(i.NMI_Handler) for NMI_Handler
    startup_stm32f091xc.o(RESET) refers to stm32f0xx_it.o(i.HardFault_Handler) for HardFault_Handler
    startup_stm32f091xc.o(RESET) refers to stm32f0xx_it.o(i.SVC_Handler) for SVC_Handler
    startup_stm32f091xc.o(RESET) refers to stm32f0xx_it.o(i.PendSV_Handler) for PendSV_Handler
    startup_stm32f091xc.o(RESET) refers to stm32f0xx_it.o(i.SysTick_Handler) for SysTick_Handler
    startup_stm32f091xc.o(RESET) refers to stm32f0xx_it.o(i.DMA1_Ch1_IRQHandler) for DMA1_Ch1_IRQHandler
    startup_stm32f091xc.o(RESET) refers to stm32f0xx_it.o(i.TIM2_IRQHandler) for TIM2_IRQHandler
    startup_stm32f091xc.o(RESET) refers to stm32f0xx_it.o(i.I2C1_IRQHandler) for I2C1_IRQHandler
    startup_stm32f091xc.o(.text) refers to system_stm32f0xx.o(i.SystemInit) for SystemInit
    startup_stm32f091xc.o(.text) refers to entry.o(.ARM.Collect$$$$00000000) for __main
    ssd1306.o(i.ssd1306_DrawPixel) refers to ssd1306.o(.data) for SSD1306
    ssd1306.o(i.ssd1306_DrawPixel) refers to ssd1306.o(.bss) for SSD1306_Buffer
    ssd1306.o(i.ssd1306_Fill) refers to ssd1306.o(.bss) for SSD1306_Buffer
    ssd1306.o(i.ssd1306_Init) refers to ssd1306.o(i.ssd1306_Reset) for ssd1306_Reset
    ssd1306.o(i.ssd1306_Init) refers to stm32f0xx_hal.o(i.HAL_Delay) for HAL_Delay
    ssd1306.o(i.ssd1306_Init) refers to ssd1306.o(i.ssd1306_WriteCommand) for ssd1306_WriteCommand
    ssd1306.o(i.ssd1306_Init) refers to ssd1306.o(i.ssd1306_Fill) for ssd1306_Fill
    ssd1306.o(i.ssd1306_Init) refers to ssd1306.o(i.ssd1306_UpdateScreen) for ssd1306_UpdateScreen
    ssd1306.o(i.ssd1306_Init) refers to ssd1306.o(.data) for SSD1306
    ssd1306.o(i.ssd1306_SetCursor) refers to ssd1306.o(.data) for SSD1306
    ssd1306.o(i.ssd1306_UpdateScreen) refers to ssd1306.o(i.ssd1306_WriteCommand) for ssd1306_WriteCommand
    ssd1306.o(i.ssd1306_UpdateScreen) refers to ssd1306.o(i.ssd1306_WriteData) for ssd1306_WriteData
    ssd1306.o(i.ssd1306_UpdateScreen) refers to ssd1306.o(.bss) for SSD1306_Buffer
    ssd1306.o(i.ssd1306_WriteChar) refers to ssd1306.o(i.ssd1306_DrawPixel) for ssd1306_DrawPixel
    ssd1306.o(i.ssd1306_WriteChar) refers to ssd1306.o(.data) for SSD1306
    ssd1306.o(i.ssd1306_WriteCommand) refers to stm32f0xx_hal_i2c.o(i.HAL_I2C_Mem_Write) for HAL_I2C_Mem_Write
    ssd1306.o(i.ssd1306_WriteCommand) refers to main.o(.bss) for hi2c1
    ssd1306.o(i.ssd1306_WriteData) refers to stm32f0xx_hal_i2c.o(i.HAL_I2C_Mem_Write) for HAL_I2C_Mem_Write
    ssd1306.o(i.ssd1306_WriteData) refers to main.o(.bss) for hi2c1
    ssd1306.o(i.ssd1306_WriteString) refers to ssd1306.o(i.ssd1306_WriteChar) for ssd1306_WriteChar
    ssd1306_fonts.o(.data) refers to ssd1306_fonts.o(.constdata) for Font7x10
    main.o(i.HAL_ADC_ConvCpltCallback) refers to main.o(.data) for IsAdcBufferReady
    main.o(i.HAL_TIM_PeriodElapsedCallback) refers to main.o(.data) for shouldDisplayBeRefreshed
    main.o(i.MX_ADC_Init) refers to stm32f0xx_hal_adc.o(i.HAL_ADC_Init) for HAL_ADC_Init
    main.o(i.MX_ADC_Init) refers to main.o(i.Error_Handler) for Error_Handler
    main.o(i.MX_ADC_Init) refers to stm32f0xx_hal_adc.o(i.HAL_ADC_ConfigChannel) for HAL_ADC_ConfigChannel
    main.o(i.MX_ADC_Init) refers to main.o(.bss) for hadc
    main.o(i.MX_DMA_Init) refers to stm32f0xx_hal_cortex.o(i.HAL_NVIC_SetPriority) for HAL_NVIC_SetPriority
    main.o(i.MX_DMA_Init) refers to stm32f0xx_hal_cortex.o(i.HAL_NVIC_EnableIRQ) for HAL_NVIC_EnableIRQ
    main.o(i.MX_GPIO_Init) refers to memseta.o(.text) for __aeabi_memclr4
    main.o(i.MX_GPIO_Init) refers to stm32f0xx_hal_gpio.o(i.HAL_GPIO_WritePin) for HAL_GPIO_WritePin
    main.o(i.MX_GPIO_Init) refers to stm32f0xx_hal_gpio.o(i.HAL_GPIO_Init) for HAL_GPIO_Init
    main.o(i.MX_I2C1_Init) refers to stm32f0xx_hal_i2c.o(i.HAL_I2C_Init) for HAL_I2C_Init
    main.o(i.MX_I2C1_Init) refers to main.o(i.Error_Handler) for Error_Handler
    main.o(i.MX_I2C1_Init) refers to stm32f0xx_hal_i2c_ex.o(i.HAL_I2CEx_ConfigAnalogFilter) for HAL_I2CEx_ConfigAnalogFilter
    main.o(i.MX_I2C1_Init) refers to stm32f0xx_hal_i2c_ex.o(i.HAL_I2CEx_ConfigDigitalFilter) for HAL_I2CEx_ConfigDigitalFilter
    main.o(i.MX_I2C1_Init) refers to main.o(.bss) for hi2c1
    main.o(i.MX_TIM2_Init) refers to stm32f0xx_hal_tim.o(i.HAL_TIM_Base_Init) for HAL_TIM_Base_Init
    main.o(i.MX_TIM2_Init) refers to main.o(i.Error_Handler) for Error_Handler
    main.o(i.MX_TIM2_Init) refers to stm32f0xx_hal_tim.o(i.HAL_TIM_ConfigClockSource) for HAL_TIM_ConfigClockSource
[...]
    Removing stm32f0xx_hal_rcc_ex.o(i.HAL_RCCEx_CRSWaitSynchronization), (208 bytes).
    Removing stm32f0xx_hal_rcc_ex.o(i.HAL_RCCEx_CRS_ErrorCallback), (2 bytes).
    Removing stm32f0xx_hal_rcc_ex.o(i.HAL_RCCEx_CRS_ExpectedSyncCallback), (2 bytes).
    Removing stm32f0xx_hal_rcc_ex.o(i.HAL_RCCEx_CRS_IRQHandler), (172 bytes).
    Removing stm32f0xx_hal_rcc_ex.o(i.HAL_RCCEx_CRS_SyncOkCallback), (2 bytes).
    Removing stm32f0xx_hal_rcc_ex.o(i.HAL_RCCEx_CRS_SyncWarnCallback), (2 bytes).
    Removing stm32f0xx_hal_rcc_ex.o(i.HAL_RCCEx_GetPeriphCLKConfig), (108 bytes).
    Removing stm32f0xx_hal_rcc_ex.o(i.HAL_RCCEx_GetPeriphCLKFreq), (508 bytes).
    Removing stm32f0xx_hal.o(.rev16_text), (4 bytes).
    Removing stm32f0xx_hal.o(.revsh_text), (4 bytes).
    Removing stm32f0xx_hal.o(i.HAL_DBGMCU_DisableDBGStandbyMode), (20 bytes).
    Removing stm32f0xx_hal.o(i.HAL_DBGMCU_DisableDBGStopMode), (20 bytes).
    Removing stm32f0xx_hal.o(i.HAL_DBGMCU_EnableDBGStandbyMode), (20 bytes).
    Removing stm32f0xx_hal.o(i.HAL_DBGMCU_EnableDBGStopMode), (20 bytes).
    Removing stm32f0xx_hal.o(i.HAL_DeInit), (44 bytes).
    Removing stm32f0xx_hal.o(i.HAL_GetDEVID), (16 bytes).
    Removing stm32f0xx_hal.o(i.HAL_GetHalVersion), (8 bytes).
    Removing stm32f0xx_hal.o(i.HAL_GetREVID), (12 bytes).
    Removing stm32f0xx_hal.o(i.HAL_GetUIDw0), (12 bytes).
    Removing stm32f0xx_hal.o(i.HAL_GetUIDw1), (12 bytes).
    Removing stm32f0xx_hal.o(i.HAL_GetUIDw2), (12 bytes).
    Removing stm32f0xx_hal.o(i.HAL_MspDeInit), (2 bytes).
    Removing stm32f0xx_hal.o(i.HAL_MspInit), (2 bytes).
    Removing stm32f0xx_hal.o(i.HAL_ResumeTick), (20 bytes).
    Removing stm32f0xx_hal.o(i.HAL_SuspendTick), (20 bytes).
    Removing stm32f0xx_hal_gpio.o(.rev16_text), (4 bytes).
    Removing stm32f0xx_hal_gpio.o(.revsh_text), (4 bytes).
    Removing stm32f0xx_hal_gpio.o(i.HAL_GPIO_DeInit), (280 bytes).
    Removing stm32f0xx_hal_gpio.o(i.HAL_GPIO_EXTI_Callback), (2 bytes).
    Removing stm32f0xx_hal_gpio.o(i.HAL_GPIO_EXTI_IRQHandler), (32 bytes).
    Removing stm32f0xx_hal_gpio.o(i.HAL_GPIO_LockPin), (50 bytes).
    Removing stm32f0xx_hal_gpio.o(i.HAL_GPIO_ReadPin), (18 bytes).
    Removing stm32f0xx_hal_gpio.o(i.HAL_GPIO_TogglePin), (8 bytes).
    Removing stm32f0xx_hal_dma.o(.rev16_text), (4 bytes).
    Removing stm32f0xx_hal_dma.o(.revsh_text), (4 bytes).
    Removing stm32f0xx_hal_dma.o(i.HAL_DMA_Abort), (56 bytes).
    Removing stm32f0xx_hal_dma.o(i.HAL_DMA_DeInit), (80 bytes).
    Removing stm32f0xx_hal_dma.o(i.HAL_DMA_GetError), (6 bytes).
    Removing stm32f0xx_hal_dma.o(i.HAL_DMA_GetState), (8 bytes).
    Removing stm32f0xx_hal_dma.o(i.HAL_DMA_PollForTransfer), (236 bytes).
    Removing stm32f0xx_hal_dma.o(i.HAL_DMA_RegisterCallback), (92 bytes).
    Removing stm32f0xx_hal_dma.o(i.HAL_DMA_Start), (110 bytes).
    Removing stm32f0xx_hal_dma.o(i.HAL_DMA_UnRegisterCallback), (108 bytes).
    Removing stm32f0xx_hal_cortex.o(.rev16_text), (4 bytes).
    Removing stm32f0xx_hal_cortex.o(.revsh_text), (4 bytes).
    Removing stm32f0xx_hal_cortex.o(i.HAL_NVIC_ClearPendingIRQ), (24 bytes).
    Removing stm32f0xx_hal_cortex.o(i.HAL_NVIC_DisableIRQ), (24 bytes).
    Removing stm32f0xx_hal_cortex.o(i.HAL_NVIC_GetPendingIRQ), (40 bytes).
    Removing stm32f0xx_hal_cortex.o(i.HAL_NVIC_GetPriority), (72 bytes).
    Removing stm32f0xx_hal_cortex.o(i.HAL_NVIC_SetPendingIRQ), (24 bytes).
    Removing stm32f0xx_hal_cortex.o(i.HAL_NVIC_SystemReset), (56 bytes).
    Removing stm32f0xx_hal_cortex.o(i.HAL_SYSTICK_CLKSourceConfig), (36 bytes).
    Removing stm32f0xx_hal_cortex.o(i.HAL_SYSTICK_Callback), (2 bytes).
    Removing stm32f0xx_hal_cortex.o(i.HAL_SYSTICK_IRQHandler), (8 bytes).
    Removing stm32f0xx_hal_pwr.o(.rev16_text), (4 bytes).
    Removing stm32f0xx_hal_pwr.o(.revsh_text), (4 bytes).
    Removing stm32f0xx_hal_pwr.o(i.HAL_PWR_DeInit), (32 bytes).
    Removing stm32f0xx_hal_pwr.o(i.HAL_PWR_DisableBkUpAccess), (20 bytes).
    Removing stm32f0xx_hal_pwr.o(i.HAL_PWR_DisableSEVOnPend), (20 bytes).
    Removing stm32f0xx_hal_pwr.o(i.HAL_PWR_DisableSleepOnExit), (20 bytes).
    Removing stm32f0xx_hal_pwr.o(i.HAL_PWR_DisableWakeUpPin), (16 bytes).
    Removing stm32f0xx_hal_pwr.o(i.HAL_PWR_EnableBkUpAccess), (20 bytes).
    Removing stm32f0xx_hal_pwr.o(i.HAL_PWR_EnableSEVOnPend), (20 bytes).
    Removing stm32f0xx_hal_pwr.o(i.HAL_PWR_EnableSleepOnExit), (20 bytes).
    Removing stm32f0xx_hal_pwr.o(i.HAL_PWR_EnableWakeUpPin), (16 bytes).
    Removing stm32f0xx_hal_pwr.o(i.HAL_PWR_EnterSLEEPMode), (32 bytes).
    Removing stm32f0xx_hal_pwr.o(i.HAL_PWR_EnterSTANDBYMode), (40 bytes).
    Removing stm32f0xx_hal_pwr.o(i.HAL_PWR_EnterSTOPMode), (72 bytes).
    Removing stm32f0xx_hal_pwr_ex.o(.rev16_text), (4 bytes).
    Removing stm32f0xx_hal_pwr_ex.o(.revsh_text), (4 bytes).
    Removing stm32f0xx_hal_pwr_ex.o(i.HAL_PWREx_DisableVddio2Monitor), (44 bytes).
    Removing stm32f0xx_hal_pwr_ex.o(i.HAL_PWREx_EnableVddio2Monitor), (32 bytes).
    Removing stm32f0xx_hal_pwr_ex.o(i.HAL_PWREx_Vddio2MonitorCallback), (2 bytes).
    Removing stm32f0xx_hal_pwr_ex.o(i.HAL_PWREx_Vddio2Monitor_IRQHandler), (32 bytes).
    Removing stm32f0xx_hal_pwr_ex.o(i.HAL_PWR_ConfigPVD), (176 bytes).
    Removing stm32f0xx_hal_pwr_ex.o(i.HAL_PWR_DisablePVD), (20 bytes).
    Removing stm32f0xx_hal_pwr_ex.o(i.HAL_PWR_EnablePVD), (20 bytes).
    Removing stm32f0xx_hal_pwr_ex.o(i.HAL_PWR_PVDCallback), (2 bytes).
    Removing stm32f0xx_hal_pwr_ex.o(i.HAL_PWR_PVD_IRQHandler), (36 bytes).
    Removing stm32f0xx_hal_flash.o(.rev16_text), (4 bytes).
    Removing stm32f0xx_hal_flash.o(.revsh_text), (4 bytes).
    Removing stm32f0xx_hal_flash.o(i.FLASH_Program_HalfWord), (32 bytes).
    Removing stm32f0xx_hal_flash.o(i.FLASH_SetErrorCode), (72 bytes).
    Removing stm32f0xx_hal_flash.o(i.FLASH_WaitForLastOperation), (104 bytes).
    Removing stm32f0xx_hal_flash.o(i.HAL_FLASH_EndOfOperationCallback), (2 bytes).
    Removing stm32f0xx_hal_flash.o(i.HAL_FLASH_GetError), (12 bytes).
    Removing stm32f0xx_hal_flash.o(i.HAL_FLASH_IRQHandler), (396 bytes).
    Removing stm32f0xx_hal_flash.o(i.HAL_FLASH_Lock), (20 bytes).
    Removing stm32f0xx_hal_flash.o(i.HAL_FLASH_OB_Launch), (32 bytes).
    Removing stm32f0xx_hal_flash.o(i.HAL_FLASH_OB_Lock), (24 bytes).
    Removing stm32f0xx_hal_flash.o(i.HAL_FLASH_OB_Unlock), (48 bytes).
    Removing stm32f0xx_hal_flash.o(i.HAL_FLASH_OperationErrorCallback), (2 bytes).
    Removing stm32f0xx_hal_flash.o(i.HAL_FLASH_Program), (188 bytes).
    Removing stm32f0xx_hal_flash.o(i.HAL_FLASH_Program_IT), (120 bytes).
    Removing stm32f0xx_hal_flash.o(i.HAL_FLASH_Unlock), (44 bytes).
    Removing stm32f0xx_hal_flash.o(.bss), (32 bytes).
    Removing stm32f0xx_hal_flash_ex.o(.rev16_text), (4 bytes).
    Removing stm32f0xx_hal_flash_ex.o(.revsh_text), (4 bytes).
    Removing stm32f0xx_hal_flash_ex.o(i.FLASH_MassErase), (40 bytes).
    Removing stm32f0xx_hal_flash_ex.o(i.FLASH_OB_DisableWRP), (228 bytes).
    Removing stm32f0xx_hal_flash_ex.o(i.FLASH_OB_EnableWRP), (232 bytes).
    Removing stm32f0xx_hal_flash_ex.o(i.FLASH_OB_GetRDP), (36 bytes).
    Removing stm32f0xx_hal_flash_ex.o(i.FLASH_OB_GetUser), (20 bytes).
    Removing stm32f0xx_hal_flash_ex.o(i.FLASH_OB_GetWRP), (12 bytes).
    Removing stm32f0xx_hal_flash_ex.o(i.FLASH_OB_ProgramData), (76 bytes).
    Removing stm32f0xx_hal_flash_ex.o(i.FLASH_OB_RDP_LevelConfig), (128 bytes).
    Removing stm32f0xx_hal_flash_ex.o(i.FLASH_OB_UserConfig), (80 bytes).
    Removing stm32f0xx_hal_flash_ex.o(i.FLASH_PageErase), (44 bytes).
    Removing stm32f0xx_hal_flash_ex.o(i.HAL_FLASHEx_Erase), (172 bytes).
    Removing stm32f0xx_hal_flash_ex.o(i.HAL_FLASHEx_Erase_IT), (104 bytes).
    Removing stm32f0xx_hal_flash_ex.o(i.HAL_FLASHEx_OBErase), (100 bytes).
    Removing stm32f0xx_hal_flash_ex.o(i.HAL_FLASHEx_OBGetConfig), (28 bytes).
    Removing stm32f0xx_hal_flash_ex.o(i.HAL_FLASHEx_OBGetUserData), (40 bytes).
    Removing stm32f0xx_hal_flash_ex.o(i.HAL_FLASHEx_OBProgram), (208 bytes).
    Removing system_stm32f0xx.o(.rev16_text), (4 bytes).
    Removing system_stm32f0xx.o(.revsh_text), (4 bytes).
    Removing system_stm32f0xx.o(i.SystemCoreClockUpdate), (208 bytes).
    Removing stm32f0xx_hal_tim.o(i.__ARM_common_switch8), (28 bytes).

424 unused section(s) (total 37970 bytes) removed from the image.

==============================================================================

Image Symbol Table

    Local Symbols

    Symbol Name                              Value     Ov Type        Size  Object(Section)

    ../Drivers/STM32F0xx_HAL_Driver/Src/stm32f0xx_hal.c 0x00000000   Number         0  stm32f0xx_hal.o ABSOLUTE
    ../Drivers/STM32F0xx_HAL_Driver/Src/stm32f0xx_hal_adc.c 0x00000000   Number         0  stm32f0xx_hal_adc.o ABSOLUTE
    ../Drivers/STM32F0xx_HAL_Driver/Src/stm32f0xx_hal_adc_ex.c 0x00000000   Number         0  stm32f0xx_hal_adc_ex.o ABSOLUTE
    ../Drivers/STM32F0xx_HAL_Driver/Src/stm32f0xx_hal_cortex.c 0x00000000   Number         0  stm32f0xx_hal_cortex.o ABSOLUTE
    ../Drivers/STM32F0xx_HAL_Driver/Src/stm32f0xx_hal_dma.c 0x00000000   Number         0  stm32f0xx_hal_dma.o ABSOLUTE
    ../Drivers/STM32F0xx_HAL_Driver/Src/stm32f0xx_hal_flash.c 0x00000000   Number         0  stm32f0xx_hal_flash.o ABSOLUTE
    ../Drivers/STM32F0xx_HAL_Driver/Src/stm32f0xx_hal_flash_ex.c 0x00000000   Number         0  stm32f0xx_hal_flash_ex.o ABSOLUTE
    ../Drivers/STM32F0xx_HAL_Driver/Src/stm32f0xx_hal_gpio.c 0x00000000   Number         0  stm32f0xx_hal_gpio.o ABSOLUTE
    ../Drivers/STM32F0xx_HAL_Driver/Src/stm32f0xx_hal_i2c.c 0x00000000   Number         0  stm32f0xx_hal_i2c.o ABSOLUTE
    ../Drivers/STM32F0xx_HAL_Driver/Src/stm32f0xx_hal_i2c_ex.c 0x00000000   Number         0  stm32f0xx_hal_i2c_ex.o ABSOLUTE
    ../Drivers/STM32F0xx_HAL_Driver/Src/stm32f0xx_hal_pwr.c 0x00000000   Number         0  stm32f0xx_hal_pwr.o ABSOLUTE
    ../Drivers/STM32F0xx_HAL_Driver/Src/stm32f0xx_hal_pwr_ex.c 0x00000000   Number         0  stm32f0xx_hal_pwr_ex.o ABSOLUTE
    ../Drivers/STM32F0xx_HAL_Driver/Src/stm32f0xx_hal_rcc.c 0x00000000   Number         0  stm32f0xx_hal_rcc.o ABSOLUTE
    ../Drivers/STM32F0xx_HAL_Driver/Src/stm32f0xx_hal_rcc_ex.c 0x00000000   Number         0  stm32f0xx_hal_rcc_ex.o ABSOLUTE
    ../Drivers/STM32F0xx_HAL_Driver/Src/stm32f0xx_hal_tim.c 0x00000000   Number         0  stm32f0xx_hal_tim.o ABSOLUTE
    ../Drivers/STM32F0xx_HAL_Driver/Src/stm32f0xx_hal_tim_ex.c 0x00000000   Number         0  stm32f0xx_hal_tim_ex.o ABSOLUTE
    ../Drivers/STM32F0xx_HAL_Driver/Src/stm32f0xx_hal_uart.c 0x00000000   Number         0  stm32f0xx_hal_uart.o ABSOLUTE
    ../Drivers/STM32F0xx_HAL_Driver/Src/stm32f0xx_hal_uart_ex.c 0x00000000   Number         0  stm32f0xx_hal_uart_ex.o ABSOLUTE
    ../Src/main.c                            0x00000000   Number         0  main.o ABSOLUTE
    ../Src/stm32f0xx_hal_msp.c               0x00000000   Number         0  stm32f0xx_hal_msp.o ABSOLUTE
    ../Src/stm32f0xx_it.c                    0x00000000   Number         0  stm32f0xx_it.o ABSOLUTE
    ../Src/system_stm32f0xx.c                0x00000000   Number         0  system_stm32f0xx.o ABSOLUTE
    ../clib/microlib/division.c              0x00000000   Number         0  uidiv.o ABSOLUTE
    ../clib/microlib/division.c              0x00000000   Number         0  uldiv.o ABSOLUTE
    ../clib/microlib/init/entry.s            0x00000000   Number         0  entry5.o ABSOLUTE
    ../clib/microlib/init/entry.s            0x00000000   Number         0  entry.o ABSOLUTE
    ../clib/microlib/init/entry.s            0x00000000   Number         0  entry7a.o ABSOLUTE
    ../clib/microlib/init/entry.s            0x00000000   Number         0  entry11b.o ABSOLUTE
    ../clib/microlib/init/entry.s            0x00000000   Number         0  entry7b.o ABSOLUTE
    ../clib/microlib/init/entry.s            0x00000000   Number         0  entry11a.o ABSOLUTE
    ../clib/microlib/init/entry.s            0x00000000   Number         0  entry10b.o ABSOLUTE
    ../clib/microlib/init/entry.s            0x00000000   Number         0  entry8b.o ABSOLUTE
    ../clib/microlib/init/entry.s            0x00000000   Number         0  entry10a.o ABSOLUTE
    ../clib/microlib/init/entry.s            0x00000000   Number         0  entry9b.o ABSOLUTE
    ../clib/microlib/init/entry.s            0x00000000   Number         0  entry9a.o ABSOLUTE
    ../clib/microlib/init/entry.s            0x00000000   Number         0  entry2.o ABSOLUTE
    ../clib/microlib/init/entry.s            0x00000000   Number         0  entry8a.o ABSOLUTE
    ../clib/microlib/longlong.c              0x00000000   Number         0  llushr.o ABSOLUTE
    ../clib/microlib/longlong.c              0x00000000   Number         0  llsshr.o ABSOLUTE
    ../clib/microlib/longlong.c              0x00000000   Number         0  llshl.o ABSOLUTE
    ../clib/microlib/printf/printf.c         0x00000000   Number         0  printf7.o ABSOLUTE
    ../clib/microlib/printf/printf.c         0x00000000   Number         0  printfa.o ABSOLUTE
    ../clib/microlib/printf/printf.c         0x00000000   Number         0  printf8.o ABSOLUTE
    ../clib/microlib/printf/printf.c         0x00000000   Number         0  printf6.o ABSOLUTE
    ../clib/microlib/printf/printf.c         0x00000000   Number         0  printf5.o ABSOLUTE
    ../clib/microlib/printf/printf.c         0x00000000   Number         0  printf4.o ABSOLUTE
    ../clib/microlib/printf/printf.c         0x00000000   Number         0  printf3.o ABSOLUTE
    ../clib/microlib/printf/printf.c         0x00000000   Number         0  printf2.o ABSOLUTE
    ../clib/microlib/printf/printf.c         0x00000000   Number         0  printf1.o ABSOLUTE
    ../clib/microlib/printf/printf.c         0x00000000   Number         0  printf0.o ABSOLUTE
    ../clib/microlib/printf/printf.c         0x00000000   Number         0  printfb.o ABSOLUTE
    ../clib/microlib/printf/stubs.s          0x00000000   Number         0  stubs.o ABSOLUTE
    ../clib/microlib/stdio/fputc.c           0x00000000   Number         0  fputc.o ABSOLUTE
    ../clib/microlib/stdio/semi.s            0x00000000   Number         0  semi.o ABSOLUTE
    ../clib/microlib/stdio/streams.c         0x00000000   Number         0  stdout.o ABSOLUTE
    ../clib/microlib/string/memcpy.c         0x00000000   Number         0  memcpya.o ABSOLUTE
    ../clib/microlib/string/memcpy.c         0x00000000   Number         0  memcpyb.o ABSOLUTE
    ../clib/microlib/string/memset.c         0x00000000   Number         0  memseta.o ABSOLUTE
    ../clib/microlib/stubs.s                 0x00000000   Number         0  iusefp.o ABSOLUTE
    ../clib/microlib/stubs.s                 0x00000000   Number         0  iusesemip.o ABSOLUTE
    ../fplib/microlib/f2d.c                  0x00000000   Number         0  f2d.o ABSOLUTE
    ../fplib/microlib/fpadd.c                0x00000000   Number         0  fadd.o ABSOLUTE
    ../fplib/microlib/fpadd.c                0x00000000   Number         0  dadd.o ABSOLUTE
    ../fplib/microlib/fpdiv.c                0x00000000   Number         0  fdiv.o ABSOLUTE
    ../fplib/microlib/fpdiv.c                0x00000000   Number         0  ddiv.o ABSOLUTE
    ../fplib/microlib/fpepilogue.c           0x00000000   Number         0  fepilogue.o ABSOLUTE
    ../fplib/microlib/fpepilogue.c           0x00000000   Number         0  depilogue.o ABSOLUTE
    ../fplib/microlib/fpfix.c                0x00000000   Number         0  dfixul.o ABSOLUTE
    ../fplib/microlib/fpflt.c                0x00000000   Number         0  ffltui.o ABSOLUTE
    ../fplib/microlib/fpmul.c                0x00000000   Number         0  fmul.o ABSOLUTE
    ../fplib/microlib/fpmul.c                0x00000000   Number         0  dmul.o ABSOLUTE
    ..\Drivers\STM32F0xx_HAL_Driver\Src\stm32f0xx_hal.c 0x00000000   Number         0  stm32f0xx_hal.o ABSOLUTE
    ..\Drivers\STM32F0xx_HAL_Driver\Src\stm32f0xx_hal_adc.c 0x00000000   Number         0  stm32f0xx_hal_adc.o ABSOLUTE
    ..\Drivers\STM32F0xx_HAL_Driver\Src\stm32f0xx_hal_adc_ex.c 0x00000000   Number         0  stm32f0xx_hal_adc_ex.o ABSOLUTE
    ..\Drivers\STM32F0xx_HAL_Driver\Src\stm32f0xx_hal_cortex.c 0x00000000   Number         0  stm32f0xx_hal_cortex.o ABSOLUTE
    ..\Drivers\STM32F0xx_HAL_Driver\Src\stm32f0xx_hal_dma.c 0x00000000   Number         0  stm32f0xx_hal_dma.o ABSOLUTE
    ..\Drivers\STM32F0xx_HAL_Driver\Src\stm32f0xx_hal_flash.c 0x00000000   Number         0  stm32f0xx_hal_flash.o ABSOLUTE
    ..\Drivers\STM32F0xx_HAL_Driver\Src\stm32f0xx_hal_flash_ex.c 0x00000000   Number         0  stm32f0xx_hal_flash_ex.o ABSOLUTE
    ..\Drivers\STM32F0xx_HAL_Driver\Src\stm32f0xx_hal_gpio.c 0x00000000   Number         0  stm32f0xx_hal_gpio.o ABSOLUTE
    ..\Drivers\STM32F0xx_HAL_Driver\Src\stm32f0xx_hal_i2c.c 0x00000000   Number         0  stm32f0xx_hal_i2c.o ABSOLUTE
    ..\Drivers\STM32F0xx_HAL_Driver\Src\stm32f0xx_hal_i2c_ex.c 0x00000000   Number         0  stm32f0xx_hal_i2c_ex.o ABSOLUTE
    ..\Drivers\STM32F0xx_HAL_Driver\Src\stm32f0xx_hal_pwr.c 0x00000000   Number         0  stm32f0xx_hal_pwr.o ABSOLUTE
    ..\Drivers\STM32F0xx_HAL_Driver\Src\stm32f0xx_hal_pwr_ex.c 0x00000000   Number         0  stm32f0xx_hal_pwr_ex.o ABSOLUTE
    ..\Drivers\STM32F0xx_HAL_Driver\Src\stm32f0xx_hal_rcc.c 0x00000000   Number         0  stm32f0xx_hal_rcc.o ABSOLUTE
    ..\Drivers\STM32F0xx_HAL_Driver\Src\stm32f0xx_hal_rcc_ex.c 0x00000000   Number         0  stm32f0xx_hal_rcc_ex.o ABSOLUTE
    ..\Drivers\STM32F0xx_HAL_Driver\Src\stm32f0xx_hal_tim.c 0x00000000   Number         0  stm32f0xx_hal_tim.o ABSOLUTE
    ..\Drivers\STM32F0xx_HAL_Driver\Src\stm32f0xx_hal_tim_ex.c 0x00000000   Number         0  stm32f0xx_hal_tim_ex.o ABSOLUTE
    ..\Drivers\STM32F0xx_HAL_Driver\Src\stm32f0xx_hal_uart.c 0x00000000   Number         0  stm32f0xx_hal_uart.o ABSOLUTE
    ..\Drivers\STM32F0xx_HAL_Driver\Src\stm32f0xx_hal_uart_ex.c 0x00000000   Number         0  stm32f0xx_hal_uart_ex.o ABSOLUTE
    ..\Src\main.c                            0x00000000   Number         0  main.o ABSOLUTE
    ..\Src\ssd1306\ssd1306.c                 0x00000000   Number         0  ssd1306.o ABSOLUTE
    ..\Src\ssd1306\ssd1306_fonts.c           0x00000000   Number         0  ssd1306_fonts.o ABSOLUTE
    ..\Src\stm32f0xx_hal_msp.c               0x00000000   Number         0  stm32f0xx_hal_msp.o ABSOLUTE
    ..\Src\stm32f0xx_it.c                    0x00000000   Number         0  stm32f0xx_it.o ABSOLUTE
    ..\Src\system_stm32f0xx.c                0x00000000   Number         0  system_stm32f0xx.o ABSOLUTE
    ..\\Src\\ssd1306\\ssd1306.c              0x00000000   Number         0  ssd1306.o ABSOLUTE
    cdrcmple.s                               0x00000000   Number         0  cdrcmple.o ABSOLUTE
    dc.s                                     0x00000000   Number         0  dc.o ABSOLUTE
    handlers.s                               0x00000000   Number         0  handlers.o ABSOLUTE
    init.s                                   0x00000000   Number         0  init.o ABSOLUTE
    startup_stm32f091xc.s                    0x00000000   Number         0  startup_stm32f091xc.o ABSOLUTE
    RESET                                    0x08000000   Section      188  startup_stm32f091xc.o(RESET)
    .ARM.Collect$$$$00000000                 0x080000bc   Section        0  entry.o(.ARM.Collect$$$$00000000)
    .ARM.Collect$$$$00000001                 0x080000bc   Section        4  entry2.o(.ARM.Collect$$$$00000001)
    .ARM.Collect$$$$00000004                 0x080000c0   Section        4  entry5.o(.ARM.Collect$$$$00000004)
    .ARM.Collect$$$$00000008                 0x080000c4   Section        0  entry7b.o(.ARM.Collect$$$$00000008)
    .ARM.Collect$$$$0000000A                 0x080000c4   Section        0  entry8b.o(.ARM.Collect$$$$0000000A)
    .ARM.Collect$$$$0000000B                 0x080000c4   Section        8  entry9a.o(.ARM.Collect$$$$0000000B)
    .ARM.Collect$$$$0000000D                 0x080000cc   Section        0  entry10a.o(.ARM.Collect$$$$0000000D)
    .ARM.Collect$$$$0000000F                 0x080000cc   Section        0  entry11a.o(.ARM.Collect$$$$0000000F)
    .ARM.Collect$$$$00002712                 0x080000cc   Section        4  entry2.o(.ARM.Collect$$$$00002712)
    __lit__00000000                          0x080000cc   Data           4  entry2.o(.ARM.Collect$$$$00002712)
    .text                                    0x080000d0   Section       28  startup_stm32f091xc.o(.text)
    .text                                    0x080000ec   Section        0  uidiv.o(.text)
    .text                                    0x08000118   Section        0  llushr.o(.text)
    .text                                    0x0800013a   Section        0  memcpya.o(.text)
    .text                                    0x0800015e   Section        0  memseta.o(.text)
    .text                                    0x08000182   Section        0  fadd.o(.text)
    .text                                    0x08000234   Section        0  fmul.o(.text)
    .text                                    0x080002ae   Section        0  fdiv.o(.text)
    .text                                    0x0800032c   Section        0  ddiv.o(.text)
    .text                                    0x0800041c   Section        0  ffltui.o(.text)
    .text                                    0x0800042a   Section        0  f2d.o(.text)
    .text                                    0x08000452   Section        0  uldiv.o(.text)
    .text                                    0x080004b2   Section        0  iusefp.o(.text)
    .text                                    0x080004b2   Section        0  fepilogue.o(.text)
    .text                                    0x08000534   Section        0  depilogue.o(.text)
    .text                                    0x080005f4   Section        0  dadd.o(.text)
    .text                                    0x08000758   Section        0  dmul.o(.text)
    .text                                    0x08000828   Section        0  dfixul.o(.text)
    .text                                    0x08000868   Section       40  cdrcmple.o(.text)
    .text                                    0x08000890   Section       36  init.o(.text)
    .text                                    0x080008b4   Section        0  llshl.o(.text)
    .text                                    0x080008d4   Section        0  llsshr.o(.text)
    i.ADC_DMAConvCplt                        0x080008fa   Section        0  stm32f0xx_hal_adc.o(i.ADC_DMAConvCplt)
    ADC_DMAConvCplt                          0x080008fb   Thumb Code   134  stm32f0xx_hal_adc.o(i.ADC_DMAConvCplt)
    i.ADC_DMAError                           0x08000980   Section        0  stm32f0xx_hal_adc.o(i.ADC_DMAError)
    ADC_DMAError                             0x08000981   Thumb Code    30  stm32f0xx_hal_adc.o(i.ADC_DMAError)
    i.ADC_DMAHalfConvCplt                    0x0800099e   Section        0  stm32f0xx_hal_adc.o(i.ADC_DMAHalfConvCplt)
    ADC_DMAHalfConvCplt                      0x0800099f   Thumb Code    14  stm32f0xx_hal_adc.o(i.ADC_DMAHalfConvCplt)
    i.ADC_Enable                             0x080009ac   Section        0  stm32f0xx_hal_adc.o(i.ADC_Enable)
    ADC_Enable                               0x080009ad   Thumb Code   198  stm32f0xx_hal_adc.o(i.ADC_Enable)
    i.DMA1_Ch1_IRQHandler                    0x08000a80   Section        0  stm32f0xx_it.o(i.DMA1_Ch1_IRQHandler)
    i.DMA_CalcBaseAndBitshift                0x08000a90   Section        0  stm32f0xx_hal_dma.o(i.DMA_CalcBaseAndBitshift)
    DMA_CalcBaseAndBitshift                  0x08000a91   Thumb Code    60  stm32f0xx_hal_dma.o(i.DMA_CalcBaseAndBitshift)
    i.DMA_SetConfig                          0x08000ad4   Section        0  stm32f0xx_hal_dma.o(i.DMA_SetConfig)
    DMA_SetConfig                            0x08000ad5   Thumb Code    42  stm32f0xx_hal_dma.o(i.DMA_SetConfig)
    i.Error_Handler                          0x08000afe   Section        0  main.o(i.Error_Handler)
    i.HAL_ADC_ConfigChannel                  0x08000b00   Section        0  stm32f0xx_hal_adc.o(i.HAL_ADC_ConfigChannel)
    i.HAL_ADC_ConvCpltCallback               0x08000cac   Section        0  main.o(i.HAL_ADC_ConvCpltCallback)
    i.HAL_ADC_ConvHalfCpltCallback           0x08000cb8   Section        0  stm32f0xx_hal_adc.o(i.HAL_ADC_ConvHalfCpltCallback)
    i.HAL_ADC_ErrorCallback                  0x08000cba   Section        0  stm32f0xx_hal_adc.o(i.HAL_ADC_ErrorCallback)
    i.HAL_ADC_Init                           0x08000cbc   Section        0  stm32f0xx_hal_adc.o(i.HAL_ADC_Init)
    i.HAL_ADC_MspInit                        0x08000e7c   Section        0  stm32f0xx_hal_msp.o(i.HAL_ADC_MspInit)
    i.HAL_ADC_Start_DMA                      0x08000f50   Section        0  stm32f0xx_hal_adc.o(i.HAL_ADC_Start_DMA)
    i.HAL_DMA_Abort_IT                       0x08001010   Section        0  stm32f0xx_hal_dma.o(i.HAL_DMA_Abort_IT)
    i.HAL_DMA_IRQHandler                     0x08001068   Section        0  stm32f0xx_hal_dma.o(i.HAL_DMA_IRQHandler)
    i.HAL_DMA_Init                           0x08001158   Section        0  stm32f0xx_hal_dma.o(i.HAL_DMA_Init)
    i.HAL_DMA_Start_IT                       0x080011bc   Section        0  stm32f0xx_hal_dma.o(i.HAL_DMA_Start_IT)
    i.HAL_Delay                              0x08001256   Section        0  stm32f0xx_hal.o(i.HAL_Delay)
    i.HAL_GPIO_Init                          0x08001278   Section        0  stm32f0xx_hal_gpio.o(i.HAL_GPIO_Init)
    i.HAL_GPIO_WritePin                      0x08001474   Section        0  stm32f0xx_hal_gpio.o(i.HAL_GPIO_WritePin)
    i.HAL_GetTick                            0x08001480   Section        0  stm32f0xx_hal.o(i.HAL_GetTick)
    i.HAL_I2CEx_ConfigAnalogFilter           0x0800148c   Section        0  stm32f0xx_hal_i2c_ex.o(i.HAL_I2CEx_ConfigAnalogFilter)
    i.HAL_I2CEx_ConfigDigitalFilter          0x080014fa   Section        0  stm32f0xx_hal_i2c_ex.o(i.HAL_I2CEx_ConfigDigitalFilter)
    i.HAL_I2C_AbortCpltCallback              0x0800156c   Section        0  stm32f0xx_hal_i2c.o(i.HAL_I2C_AbortCpltCallback)
    i.HAL_I2C_AddrCallback                   0x0800156e   Section        0  stm32f0xx_hal_i2c.o(i.HAL_I2C_AddrCallback)
    i.HAL_I2C_ER_IRQHandler                  0x08001570   Section        0  stm32f0xx_hal_i2c.o(i.HAL_I2C_ER_IRQHandler)
    i.HAL_I2C_EV_IRQHandler                  0x080015f0   Section        0  stm32f0xx_hal_i2c.o(i.HAL_I2C_EV_IRQHandler)
    i.HAL_I2C_ErrorCallback                  0x0800160e   Section        0  stm32f0xx_hal_i2c.o(i.HAL_I2C_ErrorCallback)
    i.HAL_I2C_Init                           0x08001610   Section        0  stm32f0xx_hal_i2c.o(i.HAL_I2C_Init)
    i.HAL_I2C_ListenCpltCallback             0x080016e4   Section        0  stm32f0xx_hal_i2c.o(i.HAL_I2C_ListenCpltCallback)
    i.HAL_I2C_Mem_Write                      0x080016e8   Section        0  stm32f0xx_hal_i2c.o(i.HAL_I2C_Mem_Write)
    i.HAL_I2C_MspInit                        0x080018ac   Section        0  stm32f0xx_hal_msp.o(i.HAL_I2C_MspInit)
    i.HAL_I2C_SlaveRxCpltCallback            0x08001940   Section        0  stm32f0xx_hal_i2c.o(i.HAL_I2C_SlaveRxCpltCallback)
    i.HAL_I2C_SlaveTxCpltCallback            0x08001942   Section        0  stm32f0xx_hal_i2c.o(i.HAL_I2C_SlaveTxCpltCallback)
    i.HAL_IncTick                            0x08001944   Section        0  stm32f0xx_hal.o(i.HAL_IncTick)
    i.HAL_Init                               0x08001954   Section        0  stm32f0xx_hal.o(i.HAL_Init)
    i.HAL_InitTick                           0x08001974   Section        0  stm32f0xx_hal.o(i.HAL_InitTick)
    i.HAL_MspInit                            0x0800199c   Section        0  stm32f0xx_hal_msp.o(i.HAL_MspInit)
    i.HAL_NVIC_EnableIRQ                     0x080019dc   Section        0  stm32f0xx_hal_cortex.o(i.HAL_NVIC_EnableIRQ)
    i.HAL_NVIC_SetPriority                   0x080019f4   Section        0  stm32f0xx_hal_cortex.o(i.HAL_NVIC_SetPriority)
    i.HAL_RCCEx_PeriphCLKConfig              0x08001a08   Section        0  stm32f0xx_hal_rcc_ex.o(i.HAL_RCCEx_PeriphCLKConfig)
    i.HAL_RCC_ClockConfig                    0x08001bac   Section        0  stm32f0xx_hal_rcc.o(i.HAL_RCC_ClockConfig)
    i.HAL_RCC_GetHCLKFreq                    0x08001d7c   Section        0  stm32f0xx_hal_rcc.o(i.HAL_RCC_GetHCLKFreq)
    i.HAL_RCC_GetPCLK1Freq                   0x08001d88   Section        0  stm32f0xx_hal_rcc.o(i.HAL_RCC_GetPCLK1Freq)
    i.HAL_RCC_GetSysClockFreq                0x08001dac   Section        0  stm32f0xx_hal_rcc.o(i.HAL_RCC_GetSysClockFreq)
    i.HAL_RCC_OscConfig                      0x08001e9c   Section        0  stm32f0xx_hal_rcc.o(i.HAL_RCC_OscConfig)
    i.HAL_SYSTICK_Config                     0x0800249c   Section        0  stm32f0xx_hal_cortex.o(i.HAL_SYSTICK_Config)
    i.HAL_TIMEx_BreakCallback                0x080024d4   Section        0  stm32f0xx_hal_tim_ex.o(i.HAL_TIMEx_BreakCallback)
    i.HAL_TIMEx_CommutationCallback          0x080024d6   Section        0  stm32f0xx_hal_tim_ex.o(i.HAL_TIMEx_CommutationCallback)
    i.HAL_TIMEx_MasterConfigSynchronization  0x080024d8   Section        0  stm32f0xx_hal_tim_ex.o(i.HAL_TIMEx_MasterConfigSynchronization)
    i.HAL_TIM_Base_Init                      0x0800253a   Section        0  stm32f0xx_hal_tim.o(i.HAL_TIM_Base_Init)
    i.HAL_TIM_Base_MspInit                   0x08002574   Section        0  stm32f0xx_hal_msp.o(i.HAL_TIM_Base_MspInit)
    i.HAL_TIM_Base_Start_IT                  0x080025b4   Section        0  stm32f0xx_hal_tim.o(i.HAL_TIM_Base_Start_IT)
    i.HAL_TIM_ConfigClockSource              0x080025d2   Section        0  stm32f0xx_hal_tim.o(i.HAL_TIM_ConfigClockSource)
    i.HAL_TIM_IC_CaptureCallback             0x08002710   Section        0  stm32f0xx_hal_tim.o(i.HAL_TIM_IC_CaptureCallback)
    i.HAL_TIM_IRQHandler                     0x08002712   Section        0  stm32f0xx_hal_tim.o(i.HAL_TIM_IRQHandler)
    i.HAL_TIM_OC_DelayElapsedCallback        0x080028da   Section        0  stm32f0xx_hal_tim.o(i.HAL_TIM_OC_DelayElapsedCallback)
    i.HAL_TIM_PWM_PulseFinishedCallback      0x080028dc   Section        0  stm32f0xx_hal_tim.o(i.HAL_TIM_PWM_PulseFinishedCallback)
    i.HAL_TIM_PeriodElapsedCallback          0x080028e0   Section        0  main.o(i.HAL_TIM_PeriodElapsedCallback)
    i.HAL_TIM_TriggerCallback                0x080028ec   Section        0  stm32f0xx_hal_tim.o(i.HAL_TIM_TriggerCallback)
    i.HAL_UART_Init                          0x080028ee   Section        0  stm32f0xx_hal_uart.o(i.HAL_UART_Init)
    i.HAL_UART_MspInit                       0x08002970   Section        0  stm32f0xx_hal_msp.o(i.HAL_UART_MspInit)
    i.HardFault_Handler                      0x080029ec   Section        0  stm32f0xx_it.o(i.HardFault_Handler)
    i.I2C1_IRQHandler                        0x080029f0   Section        0  stm32f0xx_it.o(i.I2C1_IRQHandler)
    i.I2C_DMAAbort                           0x08002a18   Section        0  stm32f0xx_hal_i2c.o(i.I2C_DMAAbort)
    I2C_DMAAbort                             0x08002a19   Thumb Code    60  stm32f0xx_hal_i2c.o(i.I2C_DMAAbort)
    i.I2C_Disable_IRQ                        0x08002a54   Section        0  stm32f0xx_hal_i2c.o(i.I2C_Disable_IRQ)
    I2C_Disable_IRQ                          0x08002a55   Thumb Code   126  stm32f0xx_hal_i2c.o(i.I2C_Disable_IRQ)
    i.I2C_Flush_TXDR                         0x08002ad2   Section        0  stm32f0xx_hal_i2c.o(i.I2C_Flush_TXDR)
    I2C_Flush_TXDR                           0x08002ad3   Thumb Code    50  stm32f0xx_hal_i2c.o(i.I2C_Flush_TXDR)
    i.I2C_ITAddrCplt                         0x08002b04   Section        0  stm32f0xx_hal_i2c.o(i.I2C_ITAddrCplt)
    I2C_ITAddrCplt                           0x08002b05   Thumb Code   214  stm32f0xx_hal_i2c.o(i.I2C_ITAddrCplt)
    i.I2C_ITError                            0x08002bdc   Section        0  stm32f0xx_hal_i2c.o(i.I2C_ITError)
    I2C_ITError                              0x08002bdd   Thumb Code   268  stm32f0xx_hal_i2c.o(i.I2C_ITError)
    i.I2C_ITListenCplt                       0x08002cf4   Section        0  stm32f0xx_hal_i2c.o(i.I2C_ITListenCplt)
    I2C_ITListenCplt                         0x08002cf5   Thumb Code   110  stm32f0xx_hal_i2c.o(i.I2C_ITListenCplt)
    i.I2C_ITSlaveCplt                        0x08002d68   Section        0  stm32f0xx_hal_i2c.o(i.I2C_ITSlaveCplt)
    I2C_ITSlaveCplt                          0x08002d69   Thumb Code   308  stm32f0xx_hal_i2c.o(i.I2C_ITSlaveCplt)
    i.I2C_ITSlaveSequentialCplt              0x08002ea4   Section        0  stm32f0xx_hal_i2c.o(i.I2C_ITSlaveSequentialCplt)
    I2C_ITSlaveSequentialCplt                0x08002ea5   Thumb Code    98  stm32f0xx_hal_i2c.o(i.I2C_ITSlaveSequentialCplt)
    i.I2C_IsAcknowledgeFailed                0x08002f08   Section        0  stm32f0xx_hal_i2c.o(i.I2C_IsAcknowledgeFailed)
    I2C_IsAcknowledgeFailed                  0x08002f09   Thumb Code   144  stm32f0xx_hal_i2c.o(i.I2C_IsAcknowledgeFailed)
    i.I2C_RequestMemoryWrite                 0x08002f9c   Section        0  stm32f0xx_hal_i2c.o(i.I2C_RequestMemoryWrite)
    I2C_RequestMemoryWrite                   0x08002f9d   Thumb Code   146  stm32f0xx_hal_i2c.o(i.I2C_RequestMemoryWrite)
    i.I2C_Slave_ISR_IT                       0x08003030   Section        0  stm32f0xx_hal_i2c.o(i.I2C_Slave_ISR_IT)
    I2C_Slave_ISR_IT                         0x08003031   Thumb Code   348  stm32f0xx_hal_i2c.o(i.I2C_Slave_ISR_IT)
    i.I2C_TransferConfig                     0x08003190   Section        0  stm32f0xx_hal_i2c.o(i.I2C_TransferConfig)
    I2C_TransferConfig                       0x08003191   Thumb Code    42  stm32f0xx_hal_i2c.o(i.I2C_TransferConfig)
    i.I2C_WaitOnFlagUntilTimeout             0x080031c0   Section        0  stm32f0xx_hal_i2c.o(i.I2C_WaitOnFlagUntilTimeout)
    I2C_WaitOnFlagUntilTimeout               0x080031c1   Thumb Code    82  stm32f0xx_hal_i2c.o(i.I2C_WaitOnFlagUntilTimeout)
    i.I2C_WaitOnSTOPFlagUntilTimeout         0x08003212   Section        0  stm32f0xx_hal_i2c.o(i.I2C_WaitOnSTOPFlagUntilTimeout)
    I2C_WaitOnSTOPFlagUntilTimeout           0x08003213   Thumb Code    90  stm32f0xx_hal_i2c.o(i.I2C_WaitOnSTOPFlagUntilTimeout)
    i.I2C_WaitOnTXISFlagUntilTimeout         0x0800326c   Section        0  stm32f0xx_hal_i2c.o(i.I2C_WaitOnTXISFlagUntilTimeout)
    I2C_WaitOnTXISFlagUntilTimeout           0x0800326d   Thumb Code    96  stm32f0xx_hal_i2c.o(i.I2C_WaitOnTXISFlagUntilTimeout)
    i.MX_ADC_Init                            0x080032cc   Section        0  main.o(i.MX_ADC_Init)
    MX_ADC_Init                              0x080032cd   Thumb Code   130  main.o(i.MX_ADC_Init)
    i.MX_DMA_Init                            0x08003358   Section        0  main.o(i.MX_DMA_Init)
    MX_DMA_Init                              0x08003359   Thumb Code    48  main.o(i.MX_DMA_Init)
    i.MX_GPIO_Init                           0x0800338c   Section        0  main.o(i.MX_GPIO_Init)
    MX_GPIO_Init                             0x0800338d   Thumb Code   166  main.o(i.MX_GPIO_Init)
    i.MX_I2C1_Init                           0x08003440   Section        0  main.o(i.MX_I2C1_Init)
    MX_I2C1_Init                             0x08003441   Thumb Code    80  main.o(i.MX_I2C1_Init)
    i.MX_TIM2_Init                           0x0800349c   Section        0  main.o(i.MX_TIM2_Init)
    MX_TIM2_Init                             0x0800349d   Thumb Code   108  main.o(i.MX_TIM2_Init)
    i.MX_USART2_UART_Init                    0x08003510   Section        0  main.o(i.MX_USART2_UART_Init)
    MX_USART2_UART_Init                      0x08003511   Thumb Code    58  main.o(i.MX_USART2_UART_Init)
    i.NMI_Handler                            0x08003554   Section        0  stm32f0xx_it.o(i.NMI_Handler)
    i.NVIC_SetPriority                       0x08003558   Section        0  stm32f0xx_hal_cortex.o(i.NVIC_SetPriority)
    NVIC_SetPriority                         0x08003559   Thumb Code   110  stm32f0xx_hal_cortex.o(i.NVIC_SetPriority)
    i.PendSV_Handler                         0x080035d0   Section        0  stm32f0xx_it.o(i.PendSV_Handler)
    i.SVC_Handler                            0x080035d2   Section        0  stm32f0xx_it.o(i.SVC_Handler)
    i.SysTick_Handler                        0x080035d4   Section        0  stm32f0xx_it.o(i.SysTick_Handler)
    i.SystemClock_Config                     0x080035dc   Section        0  main.o(i.SystemClock_Config)
    i.SystemInit                             0x08003664   Section        0  system_stm32f0xx.o(i.SystemInit)
    i.TIM2_IRQHandler                        0x080036dc   Section        0  stm32f0xx_it.o(i.TIM2_IRQHandler)
    i.TIM_Base_SetConfig                     0x080036ec   Section        0  stm32f0xx_hal_tim.o(i.TIM_Base_SetConfig)
    i.TIM_ETR_SetConfig                      0x0800379c   Section        0  stm32f0xx_hal_tim.o(i.TIM_ETR_SetConfig)
    i.TIM_ITRx_SetConfig                     0x080037ba   Section        0  stm32f0xx_hal_tim.o(i.TIM_ITRx_SetConfig)
    TIM_ITRx_SetConfig                       0x080037bb   Thumb Code    26  stm32f0xx_hal_tim.o(i.TIM_ITRx_SetConfig)
    i.TIM_TI1_ConfigInputStage               0x080037d4   Section        0  stm32f0xx_hal_tim.o(i.TIM_TI1_ConfigInputStage)
    TIM_TI1_ConfigInputStage                 0x080037d5   Thumb Code    54  stm32f0xx_hal_tim.o(i.TIM_TI1_ConfigInputStage)
    i.TIM_TI2_ConfigInputStage               0x0800380a   Section        0  stm32f0xx_hal_tim.o(i.TIM_TI2_ConfigInputStage)
    TIM_TI2_ConfigInputStage                 0x0800380b   Thumb Code    54  stm32f0xx_hal_tim.o(i.TIM_TI2_ConfigInputStage)
    i.UART_AdvFeatureConfig                  0x08003840   Section        0  stm32f0xx_hal_uart.o(i.UART_AdvFeatureConfig)
    i.UART_CheckIdleState                    0x08003930   Section        0  stm32f0xx_hal_uart.o(i.UART_CheckIdleState)
    i.UART_SetConfig                         0x080039c8   Section        0  stm32f0xx_hal_uart.o(i.UART_SetConfig)
    i.UART_WaitOnFlagUntilTimeout            0x08003c70   Section        0  stm32f0xx_hal_uart.o(i.UART_WaitOnFlagUntilTimeout)
    i.__0snprintf                            0x08003ce0   Section        0  printfa.o(i.__0snprintf)
    i.__ARM_clz                              0x08003d14   Section        0  depilogue.o(i.__ARM_clz)
    i.__scatterload_copy                     0x08003d42   Section       14  handlers.o(i.__scatterload_copy)
    i.__scatterload_null                     0x08003d50   Section        2  handlers.o(i.__scatterload_null)
    i.__scatterload_zeroinit                 0x08003d52   Section       14  handlers.o(i.__scatterload_zeroinit)
    i._fp_digits                             0x08003d60   Section        0  printfa.o(i._fp_digits)
    _fp_digits                               0x08003d61   Thumb Code   344  printfa.o(i._fp_digits)
    i._printf_core                           0x08003ed4   Section        0  printfa.o(i._printf_core)
    _printf_core                             0x08003ed5   Thumb Code  1754  printfa.o(i._printf_core)
    i._printf_post_padding                   0x080045c0   Section        0  printfa.o(i._printf_post_padding)
    _printf_post_padding                     0x080045c1   Thumb Code    32  printfa.o(i._printf_post_padding)
    i._printf_pre_padding                    0x080045e0   Section        0  printfa.o(i._printf_pre_padding)
    _printf_pre_padding                      0x080045e1   Thumb Code    44  printfa.o(i._printf_pre_padding)
    i._snputc                                0x0800460c   Section        0  printfa.o(i._snputc)
    _snputc                                  0x0800460d   Thumb Code    22  printfa.o(i._snputc)
    i.main                                   0x08004624   Section        0  main.o(i.main)
    i.ssd1306_DrawPixel                      0x08004944   Section        0  ssd1306.o(i.ssd1306_DrawPixel)
    i.ssd1306_Fill                           0x080049e8   Section        0  ssd1306.o(i.ssd1306_Fill)
    i.ssd1306_Init                           0x08004a0c   Section        0  ssd1306.o(i.ssd1306_Init)
    i.ssd1306_Reset                          0x08004adc   Section        0  ssd1306.o(i.ssd1306_Reset)
    i.ssd1306_SetCursor                      0x08004ae0   Section        0  ssd1306.o(i.ssd1306_SetCursor)
    i.ssd1306_UpdateScreen                   0x08004aec   Section        0  ssd1306.o(i.ssd1306_UpdateScreen)
    i.ssd1306_WriteChar                      0x08004b24   Section        0  ssd1306.o(i.ssd1306_WriteChar)
    i.ssd1306_WriteCommand                   0x08004bdc   Section        0  ssd1306.o(i.ssd1306_WriteCommand)
    i.ssd1306_WriteData                      0x08004c04   Section        0  ssd1306.o(i.ssd1306_WriteData)
    i.ssd1306_WriteString                    0x08004c28   Section        0  ssd1306.o(i.ssd1306_WriteString)
    .constdata                               0x08004c54   Section    10260  ssd1306_fonts.o(.constdata)
    Font7x10                                 0x08004c54   Data        1900  ssd1306_fonts.o(.constdata)
    Font11x18                                0x080053c0   Data        3420  ssd1306_fonts.o(.constdata)
    Font16x26                                0x0800611c   Data        4940  ssd1306_fonts.o(.constdata)
    .constdata                               0x08007468   Section       24  system_stm32f0xx.o(.constdata)
    .data                                    0x20000000   Section        6  ssd1306.o(.data)
    SSD1306                                  0x20000000   Data           6  ssd1306.o(.data)
    .data                                    0x20000008   Section       24  ssd1306_fonts.o(.data)
    .data                                    0x20000020   Section       50  main.o(.data)
    adcValueBufferPtr                        0x20000020   Data           4  main.o(.data)
    adcValueInBufferPtr                      0x20000024   Data           4  main.o(.data)
    adcValueOutBufferPtr                     0x20000028   Data           4  main.o(.data)
    avgAdcInValue                            0x2000002c   Data           2  main.o(.data)
    avgAdcOutValue                           0x2000002e   Data           2  main.o(.data)
    inputVoltage                             0x20000030   Data           4  main.o(.data)
    outputVoltage                            0x20000034   Data           4  main.o(.data)
    maxAdcVoltage_mV                         0x20000038   Data           4  main.o(.data)
    maxAdcRegisterValue                      0x2000003c   Data           4  main.o(.data)
    inputR1_Ohms                             0x20000040   Data           4  main.o(.data)
    inputR2_Ohms                             0x20000044   Data           4  main.o(.data)
    outputR1_Ohms                            0x20000048   Data           4  main.o(.data)
    outputR2_Ohms                            0x2000004c   Data           4  main.o(.data)
    IsAdcBufferReady                         0x20000050   Data           1  main.o(.data)
    shouldDisplayBeRefreshed                 0x20000051   Data           1  main.o(.data)
    .data                                    0x20000054   Section        4  stm32f0xx_hal.o(.data)
    .data                                    0x20000058   Section        4  system_stm32f0xx.o(.data)
    .bss                                     0x2000005c   Section     1024  ssd1306.o(.bss)
    SSD1306_Buffer                           0x2000005c   Data        1024  ssd1306.o(.bss)
    .bss                                     0x2000045c   Section     1452  main.o(.bss)
    adcValueBuffer                           0x200005e8   Data         512  main.o(.bss)
    adcValueInBuffer                         0x200007e8   Data         256  main.o(.bss)
    adcValueOutBuffer                        0x200008e8   Data         256  main.o(.bss)
    inputVoltageString                       0x200009e8   Data          16  main.o(.bss)
    outputVoltageString                      0x200009f8   Data          16  main.o(.bss)
    STACK                                    0x20000a08   Section     1024  startup_stm32f091xc.o(STACK)

    Global Symbols

    Symbol Name                              Value     Ov Type        Size  Object(Section)

    BuildAttributes$$THM_ISAv3M$S$PE$A:L22$X:L11$S22$IEEE1$IW$USESV6$~STKCKD$USESV7$~SHL$OTIME$ROPI$EBA8$MICROLIB$REQ8$PRES8$EABIv2 0x00000000   Number         0  anon$$obj.o ABSOLUTE
    __ARM_use_no_argv                        0x00000000   Number         0  main.o ABSOLUTE
    _printf_a                                0x00000000   Number         0  stubs.o ABSOLUTE
    _printf_c                                0x00000000   Number         0  stubs.o ABSOLUTE
    _printf_charcount                        0x00000000   Number         0  stubs.o ABSOLUTE
    _printf_d                                0x00000000   Number         0  stubs.o ABSOLUTE
    _printf_e                                0x00000000   Number         0  stubs.o ABSOLUTE
    _printf_f                                0x00000000   Number         0  stubs.o ABSOLUTE
    _printf_flags                            0x00000000   Number         0  stubs.o ABSOLUTE
    _printf_fp_dec                           0x00000000   Number         0  stubs.o ABSOLUTE
    _printf_fp_hex                           0x00000000   Number         0  stubs.o ABSOLUTE
    _printf_g                                0x00000000   Number         0  stubs.o ABSOLUTE
    _printf_i                                0x00000000   Number         0  stubs.o ABSOLUTE
    _printf_int_dec                          0x00000000   Number         0  stubs.o ABSOLUTE
    _printf_l                                0x00000000   Number         0  stubs.o ABSOLUTE
    _printf_lc                               0x00000000   Number         0  stubs.o ABSOLUTE
    _printf_ll                               0x00000000   Number         0  stubs.o ABSOLUTE
    _printf_lld                              0x00000000   Number         0  stubs.o ABSOLUTE
    _printf_lli                              0x00000000   Number         0  stubs.o ABSOLUTE
    _printf_llo                              0x00000000   Number         0  stubs.o ABSOLUTE
    _printf_llu                              0x00000000   Number         0  stubs.o ABSOLUTE
    _printf_llx                              0x00000000   Number         0  stubs.o ABSOLUTE
    _printf_longlong_dec                     0x00000000   Number         0  stubs.o ABSOLUTE
    _printf_longlong_hex                     0x00000000   Number         0  stubs.o ABSOLUTE
    _printf_longlong_oct                     0x00000000   Number         0  stubs.o ABSOLUTE
    _printf_ls                               0x00000000   Number         0  stubs.o ABSOLUTE
    _printf_mbtowc                           0x00000000   Number         0  stubs.o ABSOLUTE
    _printf_n                                0x00000000   Number         0  stubs.o ABSOLUTE
    _printf_o                                0x00000000   Number         0  stubs.o ABSOLUTE
    _printf_p                                0x00000000   Number         0  stubs.o ABSOLUTE
    _printf_percent                          0x00000000   Number         0  stubs.o ABSOLUTE
    _printf_pre_padding                      0x00000000   Number         0  stubs.o ABSOLUTE
    _printf_return_value                     0x00000000   Number         0  stubs.o ABSOLUTE
    _printf_s                                0x00000000   Number         0  stubs.o ABSOLUTE
    _printf_sizespec                         0x00000000   Number         0  stubs.o ABSOLUTE
    _printf_str                              0x00000000   Number         0  stubs.o ABSOLUTE
    _printf_truncate_signed                  0x00000000   Number         0  stubs.o ABSOLUTE
    _printf_truncate_unsigned                0x00000000   Number         0  stubs.o ABSOLUTE
    _printf_u                                0x00000000   Number         0  stubs.o ABSOLUTE
    _printf_wc                               0x00000000   Number         0  stubs.o ABSOLUTE
    _printf_wctomb                           0x00000000   Number         0  stubs.o ABSOLUTE
    _printf_widthprec                        0x00000000   Number         0  stubs.o ABSOLUTE
    _printf_x                                0x00000000   Number         0  stubs.o ABSOLUTE
    __cpp_initialize__aeabi_                  - Undefined Weak Reference
    __cxa_finalize                            - Undefined Weak Reference
    __decompress                              - Undefined Weak Reference
    _clock_init                               - Undefined Weak Reference
    _microlib_exit                            - Undefined Weak Reference
    __Vectors_Size                           0x000000bc   Number         0  startup_stm32f091xc.o ABSOLUTE
    __Vectors                                0x08000000   Data           4  startup_stm32f091xc.o(RESET)
    __Vectors_End                            0x080000bc   Data           0  startup_stm32f091xc.o(RESET)
    __main                                   0x080000bd   Thumb Code     0  entry.o(.ARM.Collect$$$$00000000)
    _main_stk                                0x080000bd   Thumb Code     0  entry2.o(.ARM.Collect$$$$00000001)
    _main_scatterload                        0x080000c1   Thumb Code     0  entry5.o(.ARM.Collect$$$$00000004)
    __main_after_scatterload                 0x080000c5   Thumb Code     0  entry5.o(.ARM.Collect$$$$00000004)
    _main_clock                              0x080000c5   Thumb Code     0  entry7b.o(.ARM.Collect$$$$00000008)
    _main_cpp_init                           0x080000c5   Thumb Code     0  entry8b.o(.ARM.Collect$$$$0000000A)
    _main_init                               0x080000c5   Thumb Code     0  entry9a.o(.ARM.Collect$$$$0000000B)
    __rt_final_cpp                           0x080000cd   Thumb Code     0  entry10a.o(.ARM.Collect$$$$0000000D)
    __rt_final_exit                          0x080000cd   Thumb Code     0  entry11a.o(.ARM.Collect$$$$0000000F)
    Reset_Handler                            0x080000d1   Thumb Code     8  startup_stm32f091xc.o(.text)
    ADC1_COMP_IRQHandler                     0x080000e3   Thumb Code     0  startup_stm32f091xc.o(.text)
    CEC_CAN_IRQHandler                       0x080000e3   Thumb Code     0  startup_stm32f091xc.o(.text)
    DMA1_Ch2_3_DMA2_Ch1_2_IRQHandler         0x080000e3   Thumb Code     0  startup_stm32f091xc.o(.text)
    DMA1_Ch4_7_DMA2_Ch3_5_IRQHandler         0x080000e3   Thumb Code     0  startup_stm32f091xc.o(.text)
    EXTI0_1_IRQHandler                       0x080000e3   Thumb Code     0  startup_stm32f091xc.o(.text)
    EXTI2_3_IRQHandler                       0x080000e3   Thumb Code     0  startup_stm32f091xc.o(.text)
    EXTI4_15_IRQHandler                      0x080000e3   Thumb Code     0  startup_stm32f091xc.o(.text)
    FLASH_IRQHandler                         0x080000e3   Thumb Code     0  startup_stm32f091xc.o(.text)
    I2C2_IRQHandler                          0x080000e3   Thumb Code     0  startup_stm32f091xc.o(.text)
    PVD_VDDIO2_IRQHandler                    0x080000e3   Thumb Code     0  startup_stm32f091xc.o(.text)
    RCC_CRS_IRQHandler                       0x080000e3   Thumb Code     0  startup_stm32f091xc.o(.text)
    RTC_IRQHandler                           0x080000e3   Thumb Code     0  startup_stm32f091xc.o(.text)
    SPI1_IRQHandler                          0x080000e3   Thumb Code     0  startup_stm32f091xc.o(.text)
    SPI2_IRQHandler                          0x080000e3   Thumb Code     0  startup_stm32f091xc.o(.text)
    TIM14_IRQHandler                         0x080000e3   Thumb Code     0  startup_stm32f091xc.o(.text)
    TIM15_IRQHandler                         0x080000e3   Thumb Code     0  startup_stm32f091xc.o(.text)
    TIM16_IRQHandler                         0x080000e3   Thumb Code     0  startup_stm32f091xc.o(.text)
    TIM17_IRQHandler                         0x080000e3   Thumb Code     0  startup_stm32f091xc.o(.text)
    TIM1_BRK_UP_TRG_COM_IRQHandler           0x080000e3   Thumb Code     0  startup_stm32f091xc.o(.text)
    TIM1_CC_IRQHandler                       0x080000e3   Thumb Code     0  startup_stm32f091xc.o(.text)
    TIM3_IRQHandler                          0x080000e3   Thumb Code     0  startup_stm32f091xc.o(.text)
    TIM6_DAC_IRQHandler                      0x080000e3   Thumb Code     0  startup_stm32f091xc.o(.text)
    TIM7_IRQHandler                          0x080000e3   Thumb Code     0  startup_stm32f091xc.o(.text)
    TSC_IRQHandler                           0x080000e3   Thumb Code     0  startup_stm32f091xc.o(.text)
    USART1_IRQHandler                        0x080000e3   Thumb Code     0  startup_stm32f091xc.o(.text)
    USART2_IRQHandler                        0x080000e3   Thumb Code     0  startup_stm32f091xc.o(.text)
    USART3_8_IRQHandler                      0x080000e3   Thumb Code     0  startup_stm32f091xc.o(.text)
    WWDG_IRQHandler                          0x080000e3   Thumb Code     0  startup_stm32f091xc.o(.text)
    __aeabi_uidiv                            0x080000ed   Thumb Code     0  uidiv.o(.text)
    __aeabi_uidivmod                         0x080000ed   Thumb Code    44  uidiv.o(.text)
    __aeabi_llsr                             0x08000119   Thumb Code    34  llushr.o(.text)
    _ll_ushift_r                             0x08000119   Thumb Code     0  llushr.o(.text)
    __aeabi_memcpy                           0x0800013b   Thumb Code    36  memcpya.o(.text)
    __aeabi_memcpy4                          0x0800013b   Thumb Code     0  memcpya.o(.text)
    __aeabi_memcpy8                          0x0800013b   Thumb Code     0  memcpya.o(.text)
    __aeabi_memset                           0x0800015f   Thumb Code    14  memseta.o(.text)
    __aeabi_memset4                          0x0800015f   Thumb Code     0  memseta.o(.text)
    __aeabi_memset8                          0x0800015f   Thumb Code     0  memseta.o(.text)
    __aeabi_memclr                           0x0800016d   Thumb Code     4  memseta.o(.text)
    __aeabi_memclr4                          0x0800016d   Thumb Code     0  memseta.o(.text)
    __aeabi_memclr8                          0x0800016d   Thumb Code     0  memseta.o(.text)
    _memset$wrapper                          0x08000171   Thumb Code    18  memseta.o(.text)
    __aeabi_fadd                             0x08000183   Thumb Code   162  fadd.o(.text)
    __aeabi_fsub                             0x08000225   Thumb Code     8  fadd.o(.text)
    __aeabi_frsub                            0x0800022d   Thumb Code     8  fadd.o(.text)
    __aeabi_fmul                             0x08000235   Thumb Code   122  fmul.o(.text)
    __aeabi_fdiv                             0x080002af   Thumb Code   124  fdiv.o(.text)
    __aeabi_ddiv                             0x0800032d   Thumb Code   234  ddiv.o(.text)
    __aeabi_ui2f                             0x0800041d   Thumb Code    14  ffltui.o(.text)
    __aeabi_f2d                              0x0800042b   Thumb Code    40  f2d.o(.text)
    __aeabi_uldivmod                         0x08000453   Thumb Code    96  uldiv.o(.text)
    __I$use$fp                               0x080004b3   Thumb Code     0  iusefp.o(.text)
    _float_round                             0x080004b3   Thumb Code    16  fepilogue.o(.text)
    _float_epilogue                          0x080004c3   Thumb Code   114  fepilogue.o(.text)
    _double_round                            0x08000535   Thumb Code    26  depilogue.o(.text)
    _double_epilogue                         0x0800054f   Thumb Code   164  depilogue.o(.text)
    __aeabi_dadd                             0x080005f5   Thumb Code   328  dadd.o(.text)
    __aeabi_dsub                             0x0800073d   Thumb Code    12  dadd.o(.text)
    __aeabi_drsub                            0x08000749   Thumb Code    12  dadd.o(.text)
    __aeabi_dmul                             0x08000759   Thumb Code   202  dmul.o(.text)
    __aeabi_d2ulz                            0x08000829   Thumb Code    54  dfixul.o(.text)
    __aeabi_cdrcmple                         0x08000869   Thumb Code    38  cdrcmple.o(.text)
    __scatterload                            0x08000891   Thumb Code    28  init.o(.text)
    __scatterload_rt2                        0x08000891   Thumb Code     0  init.o(.text)
    __aeabi_llsl                             0x080008b5   Thumb Code    32  llshl.o(.text)
    _ll_shift_l                              0x080008b5   Thumb Code     0  llshl.o(.text)
    __aeabi_lasr                             0x080008d5   Thumb Code    38  llsshr.o(.text)
    _ll_sshift_r                             0x080008d5   Thumb Code     0  llsshr.o(.text)
    DMA1_Ch1_IRQHandler                      0x08000a81   Thumb Code    10  stm32f0xx_it.o(i.DMA1_Ch1_IRQHandler)
    Error_Handler                            0x08000aff   Thumb Code     2  main.o(i.Error_Handler)
    HAL_ADC_ConfigChannel                    0x08000b01   Thumb Code   412  stm32f0xx_hal_adc.o(i.HAL_ADC_ConfigChannel)
    HAL_ADC_ConvCpltCallback                 0x08000cad   Thumb Code     8  main.o(i.HAL_ADC_ConvCpltCallback)
    HAL_ADC_ConvHalfCpltCallback             0x08000cb9   Thumb Code     2  stm32f0xx_hal_adc.o(i.HAL_ADC_ConvHalfCpltCallback)
    HAL_ADC_ErrorCallback                    0x08000cbb   Thumb Code     2  stm32f0xx_hal_adc.o(i.HAL_ADC_ErrorCallback)
    HAL_ADC_Init                             0x08000cbd   Thumb Code   440  stm32f0xx_hal_adc.o(i.HAL_ADC_Init)
    HAL_ADC_MspInit                          0x08000e7d   Thumb Code   196  stm32f0xx_hal_msp.o(i.HAL_ADC_MspInit)
    HAL_ADC_Start_DMA                        0x08000f51   Thumb Code   176  stm32f0xx_hal_adc.o(i.HAL_ADC_Start_DMA)
    HAL_DMA_Abort_IT                         0x08001011   Thumb Code    88  stm32f0xx_hal_dma.o(i.HAL_DMA_Abort_IT)
    HAL_DMA_IRQHandler                       0x08001069   Thumb Code   240  stm32f0xx_hal_dma.o(i.HAL_DMA_IRQHandler)
    HAL_DMA_Init                             0x08001159   Thumb Code    94  stm32f0xx_hal_dma.o(i.HAL_DMA_Init)
    HAL_DMA_Start_IT                         0x080011bd   Thumb Code   154  stm32f0xx_hal_dma.o(i.HAL_DMA_Start_IT)
    HAL_Delay                                0x08001257   Thumb Code    32  stm32f0xx_hal.o(i.HAL_Delay)
    HAL_GPIO_Init                            0x08001279   Thumb Code   480  stm32f0xx_hal_gpio.o(i.HAL_GPIO_Init)
    HAL_GPIO_WritePin                        0x08001475   Thumb Code    12  stm32f0xx_hal_gpio.o(i.HAL_GPIO_WritePin)
    HAL_GetTick                              0x08001481   Thumb Code     6  stm32f0xx_hal.o(i.HAL_GetTick)
    HAL_I2CEx_ConfigAnalogFilter             0x0800148d   Thumb Code   110  stm32f0xx_hal_i2c_ex.o(i.HAL_I2CEx_ConfigAnalogFilter)
    HAL_I2CEx_ConfigDigitalFilter            0x080014fb   Thumb Code   114  stm32f0xx_hal_i2c_ex.o(i.HAL_I2CEx_ConfigDigitalFilter)
    HAL_I2C_AbortCpltCallback                0x0800156d   Thumb Code     2  stm32f0xx_hal_i2c.o(i.HAL_I2C_AbortCpltCallback)
    HAL_I2C_AddrCallback                     0x0800156f   Thumb Code     2  stm32f0xx_hal_i2c.o(i.HAL_I2C_AddrCallback)
    HAL_I2C_ER_IRQHandler                    0x08001571   Thumb Code   128  stm32f0xx_hal_i2c.o(i.HAL_I2C_ER_IRQHandler)
    HAL_I2C_EV_IRQHandler                    0x080015f1   Thumb Code    30  stm32f0xx_hal_i2c.o(i.HAL_I2C_EV_IRQHandler)
    HAL_I2C_ErrorCallback                    0x0800160f   Thumb Code     2  stm32f0xx_hal_i2c.o(i.HAL_I2C_ErrorCallback)
    HAL_I2C_Init                             0x08001611   Thumb Code   208  stm32f0xx_hal_i2c.o(i.HAL_I2C_Init)
    HAL_I2C_ListenCpltCallback               0x080016e5   Thumb Code     2  stm32f0xx_hal_i2c.o(i.HAL_I2C_ListenCpltCallback)
    HAL_I2C_Mem_Write                        0x080016e9   Thumb Code   446  stm32f0xx_hal_i2c.o(i.HAL_I2C_Mem_Write)
    HAL_I2C_MspInit                          0x080018ad   Thumb Code   138  stm32f0xx_hal_msp.o(i.HAL_I2C_MspInit)
    HAL_I2C_SlaveRxCpltCallback              0x08001941   Thumb Code     2  stm32f0xx_hal_i2c.o(i.HAL_I2C_SlaveRxCpltCallback)
    HAL_I2C_SlaveTxCpltCallback              0x08001943   Thumb Code     2  stm32f0xx_hal_i2c.o(i.HAL_I2C_SlaveTxCpltCallback)
    HAL_IncTick                              0x08001945   Thumb Code    12  stm32f0xx_hal.o(i.HAL_IncTick)
    HAL_Init                                 0x08001955   Thumb Code    28  stm32f0xx_hal.o(i.HAL_Init)
    HAL_InitTick                             0x08001975   Thumb Code    38  stm32f0xx_hal.o(i.HAL_InitTick)
    HAL_MspInit                              0x0800199d   Thumb Code    60  stm32f0xx_hal_msp.o(i.HAL_MspInit)
    HAL_NVIC_EnableIRQ                       0x080019dd   Thumb Code    18  stm32f0xx_hal_cortex.o(i.HAL_NVIC_EnableIRQ)
    HAL_NVIC_SetPriority                     0x080019f5   Thumb Code    18  stm32f0xx_hal_cortex.o(i.HAL_NVIC_SetPriority)
    HAL_RCCEx_PeriphCLKConfig                0x08001a09   Thumb Code   408  stm32f0xx_hal_rcc_ex.o(i.HAL_RCCEx_PeriphCLKConfig)
    HAL_RCC_ClockConfig                      0x08001bad   Thumb Code   444  stm32f0xx_hal_rcc.o(i.HAL_RCC_ClockConfig)
    HAL_RCC_GetHCLKFreq                      0x08001d7d   Thumb Code     6  stm32f0xx_hal_rcc.o(i.HAL_RCC_GetHCLKFreq)
    HAL_RCC_GetPCLK1Freq                     0x08001d89   Thumb Code    26  stm32f0xx_hal_rcc.o(i.HAL_RCC_GetPCLK1Freq)
    HAL_RCC_GetSysClockFreq                  0x08001dad   Thumb Code   194  stm32f0xx_hal_rcc.o(i.HAL_RCC_GetSysClockFreq)
    HAL_RCC_OscConfig                        0x08001e9d   Thumb Code  1532  stm32f0xx_hal_rcc.o(i.HAL_RCC_OscConfig)
    HAL_SYSTICK_Config                       0x0800249d   Thumb Code    46  stm32f0xx_hal_cortex.o(i.HAL_SYSTICK_Config)
    HAL_TIMEx_BreakCallback                  0x080024d5   Thumb Code     2  stm32f0xx_hal_tim_ex.o(i.HAL_TIMEx_BreakCallback)
    HAL_TIMEx_CommutationCallback            0x080024d7   Thumb Code     2  stm32f0xx_hal_tim_ex.o(i.HAL_TIMEx_CommutationCallback)
    HAL_TIMEx_MasterConfigSynchronization    0x080024d9   Thumb Code    98  stm32f0xx_hal_tim_ex.o(i.HAL_TIMEx_MasterConfigSynchronization)
    HAL_TIM_Base_Init                        0x0800253b   Thumb Code    56  stm32f0xx_hal_tim.o(i.HAL_TIM_Base_Init)
    HAL_TIM_Base_MspInit                     0x08002575   Thumb Code    60  stm32f0xx_hal_msp.o(i.HAL_TIM_Base_MspInit)
    HAL_TIM_Base_Start_IT                    0x080025b5   Thumb Code    30  stm32f0xx_hal_tim.o(i.HAL_TIM_Base_Start_IT)
    HAL_TIM_ConfigClockSource                0x080025d3   Thumb Code   318  stm32f0xx_hal_tim.o(i.HAL_TIM_ConfigClockSource)
    HAL_TIM_IC_CaptureCallback               0x08002711   Thumb Code     2  stm32f0xx_hal_tim.o(i.HAL_TIM_IC_CaptureCallback)
    HAL_TIM_IRQHandler                       0x08002713   Thumb Code   456  stm32f0xx_hal_tim.o(i.HAL_TIM_IRQHandler)
    HAL_TIM_OC_DelayElapsedCallback          0x080028db   Thumb Code     2  stm32f0xx_hal_tim.o(i.HAL_TIM_OC_DelayElapsedCallback)
    HAL_TIM_PWM_PulseFinishedCallback        0x080028dd   Thumb Code     2  stm32f0xx_hal_tim.o(i.HAL_TIM_PWM_PulseFinishedCallback)
    HAL_TIM_PeriodElapsedCallback            0x080028e1   Thumb Code     8  main.o(i.HAL_TIM_PeriodElapsedCallback)
    HAL_TIM_TriggerCallback                  0x080028ed   Thumb Code     2  stm32f0xx_hal_tim.o(i.HAL_TIM_TriggerCallback)
    HAL_UART_Init                            0x080028ef   Thumb Code   130  stm32f0xx_hal_uart.o(i.HAL_UART_Init)
    HAL_UART_MspInit                         0x08002971   Thumb Code   114  stm32f0xx_hal_msp.o(i.HAL_UART_MspInit)
    HardFault_Handler                        0x080029ed   Thumb Code     4  stm32f0xx_it.o(i.HardFault_Handler)
    I2C1_IRQHandler                          0x080029f1   Thumb Code    34  stm32f0xx_it.o(i.I2C1_IRQHandler)
    NMI_Handler                              0x08003555   Thumb Code     2  stm32f0xx_it.o(i.NMI_Handler)
    PendSV_Handler                           0x080035d1   Thumb Code     2  stm32f0xx_it.o(i.PendSV_Handler)
    SVC_Handler                              0x080035d3   Thumb Code     2  stm32f0xx_it.o(i.SVC_Handler)
    SysTick_Handler                          0x080035d5   Thumb Code     8  stm32f0xx_it.o(i.SysTick_Handler)
    SystemClock_Config                       0x080035dd   Thumb Code   136  main.o(i.SystemClock_Config)
    SystemInit                               0x08003665   Thumb Code   102  system_stm32f0xx.o(i.SystemInit)
    TIM2_IRQHandler                          0x080036dd   Thumb Code    10  stm32f0xx_it.o(i.TIM2_IRQHandler)
    TIM_Base_SetConfig                       0x080036ed   Thumb Code   152  stm32f0xx_hal_tim.o(i.TIM_Base_SetConfig)
    TIM_ETR_SetConfig                        0x0800379d   Thumb Code    30  stm32f0xx_hal_tim.o(i.TIM_ETR_SetConfig)
    UART_AdvFeatureConfig                    0x08003841   Thumb Code   240  stm32f0xx_hal_uart.o(i.UART_AdvFeatureConfig)
    UART_CheckIdleState                      0x08003931   Thumb Code   136  stm32f0xx_hal_uart.o(i.UART_CheckIdleState)
    UART_SetConfig                           0x080039c9   Thumb Code   626  stm32f0xx_hal_uart.o(i.UART_SetConfig)
    UART_WaitOnFlagUntilTimeout              0x08003c71   Thumb Code   112  stm32f0xx_hal_uart.o(i.UART_WaitOnFlagUntilTimeout)
    __0snprintf                              0x08003ce1   Thumb Code    46  printfa.o(i.__0snprintf)
    __1snprintf                              0x08003ce1   Thumb Code     0  printfa.o(i.__0snprintf)
    __2snprintf                              0x08003ce1   Thumb Code     0  printfa.o(i.__0snprintf)
    __c89snprintf                            0x08003ce1   Thumb Code     0  printfa.o(i.__0snprintf)
    snprintf                                 0x08003ce1   Thumb Code     0  printfa.o(i.__0snprintf)
    __ARM_clz                                0x08003d15   Thumb Code    46  depilogue.o(i.__ARM_clz)
    __scatterload_copy                       0x08003d43   Thumb Code    14  handlers.o(i.__scatterload_copy)
    __scatterload_null                       0x08003d51   Thumb Code     2  handlers.o(i.__scatterload_null)
    __scatterload_zeroinit                   0x08003d53   Thumb Code    14  handlers.o(i.__scatterload_zeroinit)
    main                                     0x08004625   Thumb Code   622  main.o(i.main)
    ssd1306_DrawPixel                        0x08004945   Thumb Code   154  ssd1306.o(i.ssd1306_DrawPixel)
    ssd1306_Fill                             0x080049e9   Thumb Code    32  ssd1306.o(i.ssd1306_Fill)
    ssd1306_Init                             0x08004a0d   Thumb Code   204  ssd1306.o(i.ssd1306_Init)
    ssd1306_Reset                            0x08004add   Thumb Code     2  ssd1306.o(i.ssd1306_Reset)
    ssd1306_SetCursor                        0x08004ae1   Thumb Code     8  ssd1306.o(i.ssd1306_SetCursor)
    ssd1306_UpdateScreen                     0x08004aed   Thumb Code    50  ssd1306.o(i.ssd1306_UpdateScreen)
    ssd1306_WriteChar                        0x08004b25   Thumb Code   178  ssd1306.o(i.ssd1306_WriteChar)
    ssd1306_WriteCommand                     0x08004bdd   Thumb Code    34  ssd1306.o(i.ssd1306_WriteCommand)
    ssd1306_WriteData                        0x08004c05   Thumb Code    32  ssd1306.o(i.ssd1306_WriteData)
    ssd1306_WriteString                      0x08004c29   Thumb Code    44  ssd1306.o(i.ssd1306_WriteString)
    AHBPrescTable                            0x08007468   Data          16  system_stm32f0xx.o(.constdata)
    APBPrescTable                            0x08007478   Data           8  system_stm32f0xx.o(.constdata)
    Region$$Table$$Base                      0x08007480   Number         0  anon$$obj.o(Region$$Table)
    Region$$Table$$Limit                     0x080074a0   Number         0  anon$$obj.o(Region$$Table)
    Font_7x10                                0x20000008   Data           8  ssd1306_fonts.o(.data)
    Font_11x18                               0x20000010   Data           8  ssd1306_fonts.o(.data)
    Font_16x26                               0x20000018   Data           8  ssd1306_fonts.o(.data)
    uwTick                                   0x20000054   Data           4  stm32f0xx_hal.o(.data)
    SystemCoreClock                          0x20000058   Data           4  system_stm32f0xx.o(.data)
    hadc                                     0x2000045c   Data          76  main.o(.bss)
    hdma_adc                                 0x200004a8   Data          68  main.o(.bss)
    hi2c1                                    0x200004ec   Data          76  main.o(.bss)
    htim2                                    0x20000538   Data          64  main.o(.bss)
    huart2                                   0x20000578   Data         112  main.o(.bss)
    __initial_sp                             0x20000e08   Data           0  startup_stm32f091xc.o(STACK)



==============================================================================

Memory Map of the image

  Image Entry point : 0x080000bd

  Load Region LR_IROM1 (Base: 0x08000000, Size: 0x000074fc, Max: 0x00040000, ABSOLUTE)

    Execution Region ER_IROM1 (Exec base: 0x08000000, Load base: 0x08000000, Size: 0x000074a0, Max: 0x00040000, ABSOLUTE)

    Exec Addr    Load Addr    Size         Type   Attr      Idx    E Section Name        Object

    0x08000000   0x08000000   0x000000bc   Data   RO            3    RESET               startup_stm32f091xc.o
    0x080000bc   0x080000bc   0x00000000   Code   RO         3349  * .ARM.Collect$$$$00000000  mc_p.l(entry.o)
    0x080000bc   0x080000bc   0x00000004   Code   RO         3635    .ARM.Collect$$$$00000001  mc_p.l(entry2.o)
    0x080000c0   0x080000c0   0x00000004   Code   RO         3638    .ARM.Collect$$$$00000004  mc_p.l(entry5.o)
    0x080000c4   0x080000c4   0x00000000   Code   RO         3640    .ARM.Collect$$$$00000008  mc_p.l(entry7b.o)
    0x080000c4   0x080000c4   0x00000000   Code   RO         3642    .ARM.Collect$$$$0000000A  mc_p.l(entry8b.o)
    0x080000c4   0x080000c4   0x00000008   Code   RO         3643    .ARM.Collect$$$$0000000B  mc_p.l(entry9a.o)
    0x080000cc   0x080000cc   0x00000000   Code   RO         3645    .ARM.Collect$$$$0000000D  mc_p.l(entry10a.o)
    0x080000cc   0x080000cc   0x00000000   Code   RO         3647    .ARM.Collect$$$$0000000F  mc_p.l(entry11a.o)
    0x080000cc   0x080000cc   0x00000004   Code   RO         3636    .ARM.Collect$$$$00002712  mc_p.l(entry2.o)
    0x080000d0   0x080000d0   0x0000001c   Code   RO            4    .text               startup_stm32f091xc.o
    0x080000ec   0x080000ec   0x0000002c   Code   RO         3352    .text               mc_p.l(uidiv.o)
    0x08000118   0x08000118   0x00000022   Code   RO         3354    .text               mc_p.l(llushr.o)
    0x0800013a   0x0800013a   0x00000024   Code   RO         3356    .text               mc_p.l(memcpya.o)
    0x0800015e   0x0800015e   0x00000024   Code   RO         3358    .text               mc_p.l(memseta.o)
    0x08000182   0x08000182   0x000000b2   Code   RO         3623    .text               mf_p.l(fadd.o)
    0x08000234   0x08000234   0x0000007a   Code   RO         3625    .text               mf_p.l(fmul.o)
    0x080002ae   0x080002ae   0x0000007c   Code   RO         3627    .text               mf_p.l(fdiv.o)
    0x0800032a   0x0800032a   0x00000002   PAD
    0x0800032c   0x0800032c   0x000000f0   Code   RO         3629    .text               mf_p.l(ddiv.o)
    0x0800041c   0x0800041c   0x0000000e   Code   RO         3631    .text               mf_p.l(ffltui.o)
    0x0800042a   0x0800042a   0x00000028   Code   RO         3633    .text               mf_p.l(f2d.o)
    0x08000452   0x08000452   0x00000060   Code   RO         3652    .text               mc_p.l(uldiv.o)
    0x080004b2   0x080004b2   0x00000000   Code   RO         3654    .text               mc_p.l(iusefp.o)
    0x080004b2   0x080004b2   0x00000082   Code   RO         3655    .text               mf_p.l(fepilogue.o)
    0x08000534   0x08000534   0x000000be   Code   RO         3657    .text               mf_p.l(depilogue.o)
    0x080005f2   0x080005f2   0x00000002   PAD
    0x080005f4   0x080005f4   0x00000164   Code   RO         3661    .text               mf_p.l(dadd.o)
    0x08000758   0x08000758   0x000000d0   Code   RO         3663    .text               mf_p.l(dmul.o)
    0x08000828   0x08000828   0x00000040   Code   RO         3665    .text               mf_p.l(dfixul.o)
    0x08000868   0x08000868   0x00000028   Code   RO         3667    .text               mf_p.l(cdrcmple.o)
    0x08000890   0x08000890   0x00000024   Code   RO         3669    .text               mc_p.l(init.o)
    0x080008b4   0x080008b4   0x00000020   Code   RO         3672    .text               mc_p.l(llshl.o)
    0x080008d4   0x080008d4   0x00000026   Code   RO         3674    .text               mc_p.l(llsshr.o)
    0x080008fa   0x080008fa   0x00000086   Code   RO          429    i.ADC_DMAConvCplt   stm32f0xx_hal_adc.o
    0x08000980   0x08000980   0x0000001e   Code   RO          430    i.ADC_DMAError      stm32f0xx_hal_adc.o
    0x0800099e   0x0800099e   0x0000000e   Code   RO          431    i.ADC_DMAHalfConvCplt  stm32f0xx_hal_adc.o
    0x080009ac   0x080009ac   0x000000d4   Code   RO          433    i.ADC_Enable        stm32f0xx_hal_adc.o
    0x08000a80   0x08000a80   0x00000010   Code   RO          293    i.DMA1_Ch1_IRQHandler  stm32f0xx_it.o
    0x08000a90   0x08000a90   0x00000044   Code   RO         2773    i.DMA_CalcBaseAndBitshift  stm32f0xx_hal_dma.o
    0x08000ad4   0x08000ad4   0x0000002a   Code   RO         2774    i.DMA_SetConfig     stm32f0xx_hal_dma.o
    0x08000afe   0x08000afe   0x00000002   Code   RO          206    i.Error_Handler     main.o
    0x08000b00   0x08000b00   0x000001ac   Code   RO          435    i.HAL_ADC_ConfigChannel  stm32f0xx_hal_adc.o
    0x08000cac   0x08000cac   0x0000000c   Code   RO          207    i.HAL_ADC_ConvCpltCallback  main.o
    0x08000cb8   0x08000cb8   0x00000002   Code   RO          437    i.HAL_ADC_ConvHalfCpltCallback  stm32f0xx_hal_adc.o
    0x08000cba   0x08000cba   0x00000002   Code   RO          439    i.HAL_ADC_ErrorCallback  stm32f0xx_hal_adc.o
    0x08000cbc   0x08000cbc   0x000001c0   Code   RO          444    i.HAL_ADC_Init      stm32f0xx_hal_adc.o
    0x08000e7c   0x08000e7c   0x000000d4   Code   RO          360    i.HAL_ADC_MspInit   stm32f0xx_hal_msp.o
    0x08000f50   0x08000f50   0x000000c0   Code   RO          451    i.HAL_ADC_Start_DMA  stm32f0xx_hal_adc.o
    0x08001010   0x08001010   0x00000058   Code   RO         2776    i.HAL_DMA_Abort_IT  stm32f0xx_hal_dma.o
    0x08001068   0x08001068   0x000000f0   Code   RO         2780    i.HAL_DMA_IRQHandler  stm32f0xx_hal_dma.o
    0x08001158   0x08001158   0x00000064   Code   RO         2781    i.HAL_DMA_Init      stm32f0xx_hal_dma.o
    0x080011bc   0x080011bc   0x0000009a   Code   RO         2785    i.HAL_DMA_Start_IT  stm32f0xx_hal_dma.o
    0x08001256   0x08001256   0x00000020   Code   RO         2579    i.HAL_Delay         stm32f0xx_hal.o
    0x08001276   0x08001276   0x00000002   PAD
    0x08001278   0x08001278   0x000001fc   Code   RO         2714    i.HAL_GPIO_Init     stm32f0xx_hal_gpio.o
    0x08001474   0x08001474   0x0000000c   Code   RO         2718    i.HAL_GPIO_WritePin  stm32f0xx_hal_gpio.o
    0x08001480   0x08001480   0x0000000c   Code   RO         2583    i.HAL_GetTick       stm32f0xx_hal.o
    0x0800148c   0x0800148c   0x0000006e   Code   RO         1048    i.HAL_I2CEx_ConfigAnalogFilter  stm32f0xx_hal_i2c_ex.o
    0x080014fa   0x080014fa   0x00000072   Code   RO         1049    i.HAL_I2CEx_ConfigDigitalFilter  stm32f0xx_hal_i2c_ex.o
    0x0800156c   0x0800156c   0x00000002   Code   RO          624    i.HAL_I2C_AbortCpltCallback  stm32f0xx_hal_i2c.o
    0x0800156e   0x0800156e   0x00000002   Code   RO          625    i.HAL_I2C_AddrCallback  stm32f0xx_hal_i2c.o
    0x08001570   0x08001570   0x00000080   Code   RO          628    i.HAL_I2C_ER_IRQHandler  stm32f0xx_hal_i2c.o
    0x080015f0   0x080015f0   0x0000001e   Code   RO          629    i.HAL_I2C_EV_IRQHandler  stm32f0xx_hal_i2c.o
    0x0800160e   0x0800160e   0x00000002   Code   RO          631    i.HAL_I2C_ErrorCallback  stm32f0xx_hal_i2c.o
    0x08001610   0x08001610   0x000000d4   Code   RO          635    i.HAL_I2C_Init      stm32f0xx_hal_i2c.o
    0x080016e4   0x080016e4   0x00000002   Code   RO          637    i.HAL_I2C_ListenCpltCallback  stm32f0xx_hal_i2c.o
    0x080016e6   0x080016e6   0x00000002   PAD
    0x080016e8   0x080016e8   0x000001c4   Code   RO          654    i.HAL_I2C_Mem_Write  stm32f0xx_hal_i2c.o
    0x080018ac   0x080018ac   0x00000094   Code   RO          362    i.HAL_I2C_MspInit   stm32f0xx_hal_msp.o
    0x08001940   0x08001940   0x00000002   Code   RO          659    i.HAL_I2C_SlaveRxCpltCallback  stm32f0xx_hal_i2c.o
    0x08001942   0x08001942   0x00000002   Code   RO          660    i.HAL_I2C_SlaveTxCpltCallback  stm32f0xx_hal_i2c.o
    0x08001944   0x08001944   0x00000010   Code   RO         2587    i.HAL_IncTick       stm32f0xx_hal.o
    0x08001954   0x08001954   0x00000020   Code   RO         2588    i.HAL_Init          stm32f0xx_hal.o
    0x08001974   0x08001974   0x00000026   Code   RO         2589    i.HAL_InitTick      stm32f0xx_hal.o
    0x0800199a   0x0800199a   0x00000002   PAD
    0x0800199c   0x0800199c   0x00000040   Code   RO          363    i.HAL_MspInit       stm32f0xx_hal_msp.o
    0x080019dc   0x080019dc   0x00000018   Code   RO         2871    i.HAL_NVIC_EnableIRQ  stm32f0xx_hal_cortex.o
    0x080019f4   0x080019f4   0x00000012   Code   RO         2875    i.HAL_NVIC_SetPriority  stm32f0xx_hal_cortex.o
    0x08001a06   0x08001a06   0x00000002   PAD
    0x08001a08   0x08001a08   0x000001a4   Code   RO         2499    i.HAL_RCCEx_PeriphCLKConfig  stm32f0xx_hal_rcc_ex.o
    0x08001bac   0x08001bac   0x000001d0   Code   RO         2397    i.HAL_RCC_ClockConfig  stm32f0xx_hal_rcc.o
    0x08001d7c   0x08001d7c   0x0000000c   Code   RO         2402    i.HAL_RCC_GetHCLKFreq  stm32f0xx_hal_rcc.o
    0x08001d88   0x08001d88   0x00000024   Code   RO         2404    i.HAL_RCC_GetPCLK1Freq  stm32f0xx_hal_rcc.o
    0x08001dac   0x08001dac   0x000000f0   Code   RO         2405    i.HAL_RCC_GetSysClockFreq  stm32f0xx_hal_rcc.o
    0x08001e9c   0x08001e9c   0x00000600   Code   RO         2408    i.HAL_RCC_OscConfig  stm32f0xx_hal_rcc.o
    0x0800249c   0x0800249c   0x00000038   Code   RO         2879    i.HAL_SYSTICK_Config  stm32f0xx_hal_cortex.o
    0x080024d4   0x080024d4   0x00000002   Code   RO         1750    i.HAL_TIMEx_BreakCallback  stm32f0xx_hal_tim_ex.o
    0x080024d6   0x080024d6   0x00000002   Code   RO         1751    i.HAL_TIMEx_CommutationCallback  stm32f0xx_hal_tim_ex.o
    0x080024d8   0x080024d8   0x00000062   Code   RO         1767    i.HAL_TIMEx_MasterConfigSynchronization  stm32f0xx_hal_tim_ex.o
    0x0800253a   0x0800253a   0x00000038   Code   RO         1100    i.HAL_TIM_Base_Init  stm32f0xx_hal_tim.o
    0x08002572   0x08002572   0x00000002   PAD
    0x08002574   0x08002574   0x00000040   Code   RO          365    i.HAL_TIM_Base_MspInit  stm32f0xx_hal_msp.o
    0x080025b4   0x080025b4   0x0000001e   Code   RO         1105    i.HAL_TIM_Base_Start_IT  stm32f0xx_hal_tim.o
    0x080025d2   0x080025d2   0x0000013e   Code   RO         1109    i.HAL_TIM_ConfigClockSource  stm32f0xx_hal_tim.o
    0x08002710   0x08002710   0x00000002   Code   RO         1131    i.HAL_TIM_IC_CaptureCallback  stm32f0xx_hal_tim.o
    0x08002712   0x08002712   0x000001c8   Code   RO         1144    i.HAL_TIM_IRQHandler  stm32f0xx_hal_tim.o
    0x080028da   0x080028da   0x00000002   Code   RO         1147    i.HAL_TIM_OC_DelayElapsedCallback  stm32f0xx_hal_tim.o
    0x080028dc   0x080028dc   0x00000002   Code   RO         1174    i.HAL_TIM_PWM_PulseFinishedCallback  stm32f0xx_hal_tim.o
    0x080028de   0x080028de   0x00000002   PAD
    0x080028e0   0x080028e0   0x0000000c   Code   RO          208    i.HAL_TIM_PeriodElapsedCallback  main.o
    0x080028ec   0x080028ec   0x00000002   Code   RO         1185    i.HAL_TIM_TriggerCallback  stm32f0xx_hal_tim.o
    0x080028ee   0x080028ee   0x00000082   Code   RO         2015    i.HAL_UART_Init     stm32f0xx_hal_uart.o
    0x08002970   0x08002970   0x0000007c   Code   RO          367    i.HAL_UART_MspInit  stm32f0xx_hal_msp.o
    0x080029ec   0x080029ec   0x00000004   Code   RO          294    i.HardFault_Handler  stm32f0xx_it.o
    0x080029f0   0x080029f0   0x00000028   Code   RO          295    i.I2C1_IRQHandler   stm32f0xx_it.o
    0x08002a18   0x08002a18   0x0000003c   Code   RO          669    i.I2C_DMAAbort      stm32f0xx_hal_i2c.o
    0x08002a54   0x08002a54   0x0000007e   Code   RO          675    i.I2C_Disable_IRQ   stm32f0xx_hal_i2c.o
    0x08002ad2   0x08002ad2   0x00000032   Code   RO          677    i.I2C_Flush_TXDR    stm32f0xx_hal_i2c.o
    0x08002b04   0x08002b04   0x000000d6   Code   RO          678    i.I2C_ITAddrCplt    stm32f0xx_hal_i2c.o
    0x08002bda   0x08002bda   0x00000002   PAD
    0x08002bdc   0x08002bdc   0x00000118   Code   RO          679    i.I2C_ITError       stm32f0xx_hal_i2c.o
    0x08002cf4   0x08002cf4   0x00000074   Code   RO          680    i.I2C_ITListenCplt  stm32f0xx_hal_i2c.o
    0x08002d68   0x08002d68   0x0000013c   Code   RO          683    i.I2C_ITSlaveCplt   stm32f0xx_hal_i2c.o
    0x08002ea4   0x08002ea4   0x00000062   Code   RO          684    i.I2C_ITSlaveSequentialCplt  stm32f0xx_hal_i2c.o
    0x08002f06   0x08002f06   0x00000002   PAD
    0x08002f08   0x08002f08   0x00000094   Code   RO          685    i.I2C_IsAcknowledgeFailed  stm32f0xx_hal_i2c.o
    0x08002f9c   0x08002f9c   0x00000092   Code   RO          689    i.I2C_RequestMemoryWrite  stm32f0xx_hal_i2c.o
    0x0800302e   0x0800302e   0x00000002   PAD
    0x08003030   0x08003030   0x00000160   Code   RO          691    i.I2C_Slave_ISR_IT  stm32f0xx_hal_i2c.o
    0x08003190   0x08003190   0x00000030   Code   RO          692    i.I2C_TransferConfig  stm32f0xx_hal_i2c.o
    0x080031c0   0x080031c0   0x00000052   Code   RO          693    i.I2C_WaitOnFlagUntilTimeout  stm32f0xx_hal_i2c.o
    0x08003212   0x08003212   0x0000005a   Code   RO          695    i.I2C_WaitOnSTOPFlagUntilTimeout  stm32f0xx_hal_i2c.o
    0x0800326c   0x0800326c   0x00000060   Code   RO          696    i.I2C_WaitOnTXISFlagUntilTimeout  stm32f0xx_hal_i2c.o
    0x080032cc   0x080032cc   0x0000008c   Code   RO          209    i.MX_ADC_Init       main.o
    0x08003358   0x08003358   0x00000034   Code   RO          210    i.MX_DMA_Init       main.o
    0x0800338c   0x0800338c   0x000000b4   Code   RO          211    i.MX_GPIO_Init      main.o
    0x08003440   0x08003440   0x0000005c   Code   RO          212    i.MX_I2C1_Init      main.o
    0x0800349c   0x0800349c   0x00000074   Code   RO          213    i.MX_TIM2_Init      main.o
    0x08003510   0x08003510   0x00000044   Code   RO          214    i.MX_USART2_UART_Init  main.o
    0x08003554   0x08003554   0x00000002   Code   RO          296    i.NMI_Handler       stm32f0xx_it.o
    0x08003556   0x08003556   0x00000002   PAD
    0x08003558   0x08003558   0x00000078   Code   RO         2881    i.NVIC_SetPriority  stm32f0xx_hal_cortex.o
    0x080035d0   0x080035d0   0x00000002   Code   RO          297    i.PendSV_Handler    stm32f0xx_it.o
    0x080035d2   0x080035d2   0x00000002   Code   RO          298    i.SVC_Handler       stm32f0xx_it.o
    0x080035d4   0x080035d4   0x00000008   Code   RO          299    i.SysTick_Handler   stm32f0xx_it.o
    0x080035dc   0x080035dc   0x00000088   Code   RO          215    i.SystemClock_Config  main.o
    0x08003664   0x08003664   0x00000078   Code   RO         3319    i.SystemInit        system_stm32f0xx.o
    0x080036dc   0x080036dc   0x00000010   Code   RO          300    i.TIM2_IRQHandler   stm32f0xx_it.o
    0x080036ec   0x080036ec   0x000000b0   Code   RO         1186    i.TIM_Base_SetConfig  stm32f0xx_hal_tim.o
    0x0800379c   0x0800379c   0x0000001e   Code   RO         1193    i.TIM_ETR_SetConfig  stm32f0xx_hal_tim.o
    0x080037ba   0x080037ba   0x0000001a   Code   RO         1194    i.TIM_ITRx_SetConfig  stm32f0xx_hal_tim.o
    0x080037d4   0x080037d4   0x00000036   Code   RO         1200    i.TIM_TI1_ConfigInputStage  stm32f0xx_hal_tim.o
    0x0800380a   0x0800380a   0x00000036   Code   RO         1202    i.TIM_TI2_ConfigInputStage  stm32f0xx_hal_tim.o
    0x08003840   0x08003840   0x000000f0   Code   RO         2028    i.UART_AdvFeatureConfig  stm32f0xx_hal_uart.o
    0x08003930   0x08003930   0x00000098   Code   RO         2029    i.UART_CheckIdleState  stm32f0xx_hal_uart.o
    0x080039c8   0x080039c8   0x000002a8   Code   RO         2044    i.UART_SetConfig    stm32f0xx_hal_uart.o
    0x08003c70   0x08003c70   0x00000070   Code   RO         2046    i.UART_WaitOnFlagUntilTimeout  stm32f0xx_hal_uart.o
    0x08003ce0   0x08003ce0   0x00000034   Code   RO         3596    i.__0snprintf       mc_p.l(printfa.o)
    0x08003d14   0x08003d14   0x0000002e   Code   RO         3659    i.__ARM_clz         mf_p.l(depilogue.o)
    0x08003d42   0x08003d42   0x0000000e   Code   RO         3679    i.__scatterload_copy  mc_p.l(handlers.o)
    0x08003d50   0x08003d50   0x00000002   Code   RO         3680    i.__scatterload_null  mc_p.l(handlers.o)
    0x08003d52   0x08003d52   0x0000000e   Code   RO         3681    i.__scatterload_zeroinit  mc_p.l(handlers.o)
    0x08003d60   0x08003d60   0x00000174   Code   RO         3602    i._fp_digits        mc_p.l(printfa.o)
    0x08003ed4   0x08003ed4   0x000006ec   Code   RO         3603    i._printf_core      mc_p.l(printfa.o)
    0x080045c0   0x080045c0   0x00000020   Code   RO         3604    i._printf_post_padding  mc_p.l(printfa.o)
    0x080045e0   0x080045e0   0x0000002c   Code   RO         3605    i._printf_pre_padding  mc_p.l(printfa.o)
    0x0800460c   0x0800460c   0x00000016   Code   RO         3606    i._snputc           mc_p.l(printfa.o)
    0x08004622   0x08004622   0x00000002   PAD
    0x08004624   0x08004624   0x00000320   Code   RO          216    i.main              main.o
    0x08004944   0x08004944   0x000000a4   Code   RO           12    i.ssd1306_DrawPixel  ssd1306.o
    0x080049e8   0x080049e8   0x00000024   Code   RO           13    i.ssd1306_Fill      ssd1306.o
    0x08004a0c   0x08004a0c   0x000000d0   Code   RO           14    i.ssd1306_Init      ssd1306.o
    0x08004adc   0x08004adc   0x00000002   Code   RO           15    i.ssd1306_Reset     ssd1306.o
    0x08004ade   0x08004ade   0x00000002   PAD
    0x08004ae0   0x08004ae0   0x0000000c   Code   RO           16    i.ssd1306_SetCursor  ssd1306.o
    0x08004aec   0x08004aec   0x00000038   Code   RO           17    i.ssd1306_UpdateScreen  ssd1306.o
    0x08004b24   0x08004b24   0x000000b8   Code   RO           18    i.ssd1306_WriteChar  ssd1306.o
    0x08004bdc   0x08004bdc   0x00000028   Code   RO           19    i.ssd1306_WriteCommand  ssd1306.o
    0x08004c04   0x08004c04   0x00000024   Code   RO           20    i.ssd1306_WriteData  ssd1306.o
    0x08004c28   0x08004c28   0x0000002c   Code   RO           21    i.ssd1306_WriteString  ssd1306.o
    0x08004c54   0x08004c54   0x00002814   Data   RO          191    .constdata          ssd1306_fonts.o
    0x08007468   0x08007468   0x00000018   Data   RO         3320    .constdata          system_stm32f0xx.o
    0x08007480   0x08007480   0x00000020   Data   RO         3677    Region$$Table       anon$$obj.o


    Execution Region RW_IRAM1 (Exec base: 0x20000000, Load base: 0x080074a0, Size: 0x00000e08, Max: 0x00008000, ABSOLUTE)

    Exec Addr    Load Addr    Size         Type   Attr      Idx    E Section Name        Object

    0x20000000   0x080074a0   0x00000006   Data   RW           23    .data               ssd1306.o
    0x20000006   0x080074a6   0x00000002   PAD
    0x20000008   0x080074a8   0x00000018   Data   RW          192    .data               ssd1306_fonts.o
    0x20000020   0x080074c0   0x00000032   Data   RW          218    .data               main.o
    0x20000052   0x080074f2   0x00000002   PAD
    0x20000054   0x080074f4   0x00000004   Data   RW         2594    .data               stm32f0xx_hal.o
    0x20000058   0x080074f8   0x00000004   Data   RW         3321    .data               system_stm32f0xx.o
    0x2000005c        -       0x00000400   Zero   RW           22    .bss                ssd1306.o
    0x2000045c        -       0x000005ac   Zero   RW          217    .bss                main.o
    0x20000a08        -       0x00000400   Zero   RW            1    STACK               startup_stm32f091xc.o


==============================================================================

Image component sizes


      Code (inc. data)   RO Data    RW Data    ZI Data      Debug   Object Name

      1610        244          0         50       1452       6802   main.o
       782         44          0          6       1024     539812   ssd1306.o
         0          0      10260         24          0       1018   ssd1306_fonts.o
        28          8        188          0       1024        588   startup_stm32f091xc.o
       130         14          0          4          0       3343   stm32f0xx_hal.o
      1462         54          0          0          0       6462   stm32f0xx_hal_adc.o
       218         26          0          0          0       8757   stm32f0xx_hal_cortex.o
       692         14          0          0          0       4322   stm32f0xx_hal_dma.o
       520         28          0          0          0       2088   stm32f0xx_hal_gpio.o
      3056         50          0          0          0      18559   stm32f0xx_hal_i2c.o
       224          0          0          0          0       1775   stm32f0xx_hal_i2c_ex.o
       612         44          0          0          0       3263   stm32f0xx_hal_msp.o
      2288         98          0          0          0       4853   stm32f0xx_hal_rcc.o
       420         12          0          0          0       1452   stm32f0xx_hal_rcc_ex.o
      1208         24          0          0          0       8479   stm32f0xx_hal_tim.o
       102          0          0          0          0       2078   stm32f0xx_hal_tim_ex.o
      1314         70          0          0          0       4157   stm32f0xx_hal_uart.o
        90         18          0          0          0       3105   stm32f0xx_it.o
       120         18         24          4          0       1015   system_stm32f0xx.o

    ----------------------------------------------------------------------
     14898        766      10504         92       3500     621928   Object Totals
         0          0         32          0          0          0   (incl. Generated)
        22          0          0          4          0          0   (incl. Padding)

    ----------------------------------------------------------------------

      Code (inc. data)   RO Data    RW Data    ZI Data      Debug   Library Member Name

         0          0          0          0          0          0   entry.o
         0          0          0          0          0          0   entry10a.o
         0          0          0          0          0          0   entry11a.o
         8          4          0          0          0          0   entry2.o
         4          0          0          0          0          0   entry5.o
         0          0          0          0          0          0   entry7b.o
         0          0          0          0          0          0   entry8b.o
         8          4          0          0          0          0   entry9a.o
        30          0          0          0          0          0   handlers.o
        36          8          0          0          0         68   init.o
         0          0          0          0          0          0   iusefp.o
        32          0          0          0          0         68   llshl.o
        38          0          0          0          0         68   llsshr.o
        34          0          0          0          0         68   llushr.o
        36          0          0          0          0         60   memcpya.o
        36          0          0          0          0        100   memseta.o
      2294         96          0          0          0        472   printfa.o
        44          0          0          0          0         72   uidiv.o
        96          0          0          0          0         84   uldiv.o
        40          2          0          0          0         68   cdrcmple.o
       356          4          0          0          0        140   dadd.o
       240          6          0          0          0         84   ddiv.o
       236          0          0          0          0        216   depilogue.o
        64         10          0          0          0         68   dfixul.o
       208          6          0          0          0         88   dmul.o
        40          0          0          0          0         60   f2d.o
       178          0          0          0          0        108   fadd.o
       124          0          0          0          0         72   fdiv.o
       130          0          0          0          0        144   fepilogue.o
        14          0          0          0          0         68   ffltui.o
       122          0          0          0          0         72   fmul.o

    ----------------------------------------------------------------------
      4454        140          0          0          0       2248   Library Totals
         6          0          0          0          0          0   (incl. Padding)

    ----------------------------------------------------------------------

      Code (inc. data)   RO Data    RW Data    ZI Data      Debug   Library Name

      2696        112          0          0          0       1060   mc_p.l
      1752         28          0          0          0       1188   mf_p.l

    ----------------------------------------------------------------------
      4454        140          0          0          0       2248   Library Totals

    ----------------------------------------------------------------------

==============================================================================


      Code (inc. data)   RO Data    RW Data    ZI Data      Debug   

     19352        906      10504         92       3500     618380   Grand Totals
     19352        906      10504         92       3500     618380   ELF Image Totals
     19352        906      10504         92          0          0   ROM Totals

==============================================================================

    Total RO  Size (Code + RO Data)                29856 (  29.16kB)
    Total RW  Size (RW Data + ZI Data)              3592 (   3.51kB)
    Total ROM Size (Code + RO Data + RW Data)      29948 (  29.25kB)

==============================================================================

